Information: Propagating switching activity (low effort zero delay simulation). (PWR-6)
Warning: Design has unannotated primary inputs. (PWR-414)
Warning: Design has unannotated sequential cell outputs. (PWR-415)
 
****************************************
Report : power
        -analysis_effort low
Design : sasc_top
Version: W-2024.09-SP2
Date   : Tue May  6 09:31:55 2025
****************************************


Library(s) Used:

    saed32rvt_ss0p95v25c (File: /mnt/class_data/ecec574-w2019/PDKs/_archived/SAED32nm_new/SAED32_EDK/lib/stdcell_rvt/db_ccs/saed32rvt_ss0p95v25c.db)


Operating Conditions: ss0p95v125c   Library: saed32rvt_ss0p95v125c
Wire Load Model Mode: enclosed

Design        Wire Load Model            Library
------------------------------------------------
sasc_top               ForQA             saed32rvt_ss0p95v125c


Global Operating Voltage = 0.95 
Power-specific unit information :
    Voltage Units = 1V
    Capacitance Units = 1.000000ff
    Time Units = 1ns
    Dynamic Power Units = 1uW    (derived from V,C,T units)
    Leakage Power Units = 1pW


Attributes
----------
i - Including register clock pin internal power


  Cell Internal Power  =  66.8352 uW   (97%)
  Net Switching Power  =   2.0396 uW    (3%)
                         ---------
Total Dynamic Power    =  68.8747 uW  (100%)

Cell Leakage Power     =  32.8293 uW


                 Internal         Switching           Leakage            Total
Power Group      Power            Power               Power              Power   (   %    )  Attrs
--------------------------------------------------------------------------------------------------
io_pad             0.0000            0.0000            0.0000            0.0000  (   0.00%)
memory             0.0000            0.0000            0.0000            0.0000  (   0.00%)
black_box          0.0000            0.0000            0.0000            0.0000  (   0.00%)
clock_network     68.6288            0.0000            0.0000           68.6288  (  67.48%)  i
register       -3.4917e+00            0.6082        1.6670e+07           13.7862 (  13.56%)
sequential         0.0000            0.0000            0.0000            0.0000  (   0.00%)
combinational      1.6980            1.4314        1.6160e+07           19.2889  (  18.97%)
--------------------------------------------------------------------------------------------------
Total             66.8351 uW         2.0396 uW     3.2829e+07 pW       101.7040 uW
1
