 
****************************************
Report : area
Design : mc_top
Version: W-2024.09-SP4-1
Date   : Tue May 13 10:45:35 2025
****************************************

Library(s) Used:

    saed32rvt_ss0p95v25c (File: /mnt/class_data/ecec574-w2019/PDKs/_archived/SAED32nm_new/SAED32_EDK/lib/stdcell_rvt/db_ccs/saed32rvt_ss0p95v25c.db)

Number of ports:                         3549
Number of nets:                          6771
Number of cells:                         4723
Number of combinational cells:           3515
Number of sequential cells:              1126
Number of macros/black boxes:               0
Number of buf/inv:                        721
Number of references:                      20

Combinational area:               8056.618990
Buf/Inv area:                      965.747209
Noncombinational area:            7619.745619
Macro/Black Box area:                0.000000
Net Interconnect area:            3555.995807

Total cell area:                 15676.364609
Total area:                      19232.360416
1
