Information: Propagating switching activity (low effort zero delay simulation). (PWR-6)
Warning: Design has unannotated primary inputs. (PWR-414)
Warning: Design has unannotated sequential cell outputs. (PWR-415)
Warning: Design has unannotated black box outputs. (PWR-428)
 
****************************************
Report : power
        -analysis_effort low
Design : i2c_master_top
Version: W-2024.09-SP4-1
Date   : Tue May 13 10:44:55 2025
****************************************


Library(s) Used:

    saed32rvt_ss0p95v25c (File: /mnt/class_data/ecec574-w2019/PDKs/_archived/SAED32nm_new/SAED32_EDK/lib/stdcell_rvt/db_ccs/saed32rvt_ss0p95v25c.db)


Operating Conditions: ss0p95v25c   Library: saed32rvt_ss0p95v25c
Wire Load Model Mode: enclosed

Design        Wire Load Model            Library
------------------------------------------------
i2c_master_top         8000              saed32rvt_ss0p95v25c


Global Operating Voltage = 0.95 
Power-specific unit information :
    Voltage Units = 1V
    Capacitance Units = 1.000000ff
    Time Units = 1ns
    Dynamic Power Units = 1uW    (derived from V,C,T units)
    Leakage Power Units = 1pW


Attributes
----------
i - Including register clock pin internal power


  Cell Internal Power  =  18.1589 uW   (89%)
  Net Switching Power  =   2.3213 uW   (11%)
                         ---------
Total Dynamic Power    =  20.4802 uW  (100%)

Cell Leakage Power     =  16.8089 uW


                 Internal         Switching           Leakage            Total
Power Group      Power            Power               Power              Power   (   %    )  Attrs
--------------------------------------------------------------------------------------------------
io_pad             0.0000            0.0000            0.0000            0.0000  (   0.00%)
memory             0.0000            0.0000            0.0000            0.0000  (   0.00%)
black_box          0.0000            0.0000            0.0000            0.0000  (   0.00%)
clock_network     35.1054            2.0993        7.3646e+06           44.5694  ( 119.52%)  i
register       -1.7056e+01        8.9032e-02        8.5185e+06        -8.4486e+00
                                                                                 ( -22.66%)
sequential         0.0000            0.0000            0.0000            0.0000  (   0.00%)
combinational      0.1096            0.1329        9.2583e+05            1.1684  (   3.13%)
--------------------------------------------------------------------------------------------------
Total             18.1589 uW         2.3213 uW     1.6809e+07 pW        37.2891 uW
1
