 
****************************************
Report : qor
Design : des
Version: W-2024.09-SP4-1
Date   : Tue May 13 10:43:40 2025
****************************************


  Timing Path Group 'clk'
  -----------------------------------
  Levels of Logic:              14.00
  Critical Path Length:          9.73
  Critical Path Slack:           0.01
  Critical Path Clk Period:     10.00
  Total Negative Slack:          0.00
  No. of Violating Paths:        0.00
  Worst Hold Violation:         -0.04
  Total Hold Violation:         -2.72
  No. of Hold Violations:       81.00
  -----------------------------------


  Cell Count
  -----------------------------------
  Hierarchical Cell Count:         10
  Hierarchical Port Count:        572
  Leaf Cell Count:               1334
  Buf/Inv Cell Count:             214
  Buf Cell Count:                   9
  Inv Cell Count:                 205
  CT Buf/Inv Cell Count:            0
  Combinational Cell Count:      1144
  Sequential Cell Count:          190
  Macro Count:                      0
  -----------------------------------


  Area
  -----------------------------------
  Combinational Area:     2555.417925
  Noncombinational Area:  1352.046103
  Buf/Inv Area:            278.795970
  Total Buffer Area:            18.30
  Total Inverter Area:         260.50
  Macro/Black Box Area:      0.000000
  Net Area:                746.168295
  -----------------------------------
  Cell Area:              3907.464029
  Design Area:            4653.632324


  Design Rules
  -----------------------------------
  Total Number of Nets:          1461
  Nets With Violations:             0
  Max Trans Violations:             0
  Max Cap Violations:               0
  -----------------------------------


  Hostname: xunil-03.coe.drexel.edu

  Compile CPU Statistics
  -----------------------------------------
  Resource Sharing:                    1.10
  Logic Optimization:                  4.91
  Mapping Optimization:                3.25
  -----------------------------------------
  Overall Compile Time:               11.53
  Overall Compile Wall Clock Time:    11.78

  --------------------------------------------------------------------

  Design  WNS: 0.00  TNS: 0.00  Number of Violating Paths: 0


  Design (Hold)  WNS: 0.04  TNS: 2.72  Number of Violating Paths: 81

  --------------------------------------------------------------------


1
