 
****************************************
Report : cell
Design : eth_top
Version: W-2024.09-SP4-1
Date   : Tue May 13 10:44:31 2025
****************************************

Attributes:
    b - black box (unknown)
    h - hierarchical
    n - noncombinational
    r - removable
    u - contains unmapped logic

Cell                      Reference       Library             Area  Attributes
--------------------------------------------------------------------------------
CarrierSense_Tx1_reg      DFFARX1_RVT     saed32rvt_ss0p95v25c
                                                          7.116032  n
CarrierSense_Tx2_reg      DFFARX1_RVT     saed32rvt_ss0p95v25c
                                                          7.116032  n
Collision_Tx1_reg         DFFARX1_RVT     saed32rvt_ss0p95v25c
                                                          7.116032  n
Collision_Tx2_reg         DFFARX1_RVT     saed32rvt_ss0p95v25c
                                                          7.116032  n
RstTxPauseRq_reg          DFFARX1_RVT     saed32rvt_ss0p95v25c
                                                          7.116032  n
RxAbortRst_reg            DFFARX1_RVT     saed32rvt_ss0p95v25c
                                                          7.116032  n
RxAbortRst_sync1_reg      DFFARX1_RVT     saed32rvt_ss0p95v25c
                                                          7.116032  n
RxAbort_latch_reg         DFFARX1_RVT     saed32rvt_ss0p95v25c
                                                          7.116032  n
RxAbort_sync1_reg         DFFARX1_RVT     saed32rvt_ss0p95v25c
                                                          7.116032  n
RxAbort_wb_reg            DFFARX1_RVT     saed32rvt_ss0p95v25c
                                                          7.116032  n
RxEnSync_reg              DFFARX1_RVT     saed32rvt_ss0p95v25c
                                                          7.116032  n
TPauseRq_reg              DFFARX1_RVT     saed32rvt_ss0p95v25c
                                                          7.116032  n
TxPauseRq_sync1_reg       DFFARX1_RVT     saed32rvt_ss0p95v25c
                                                          7.116032  n
TxPauseRq_sync2_reg       DFFARX1_RVT     saed32rvt_ss0p95v25c
                                                          7.116032  n
TxPauseRq_sync3_reg       DFFARX1_RVT     saed32rvt_ss0p95v25c
                                                          7.116032  n
U38                       AO22X2_RVT      saed32rvt_ss0p95v25c
                                                          2.795584  
U59                       AND3X4_RVT      saed32rvt_ss0p95v25c
                                                          3.049728  
U60                       OA21X2_RVT      saed32rvt_ss0p95v25c
                                                          2.795584  
U77                       NOR2X4_RVT      saed32rvt_ss0p95v25c
                                                          3.303872  
U85                       NOR4X1_RVT      saed32rvt_ss0p95v25c
                                                          3.049728  
U87                       INVX0_RVT       saed32rvt_ss0p95v25c
                                                          1.270720  
U88                       INVX0_RVT       saed32rvt_ss0p95v25c
                                                          1.270720  
U89                       INVX0_RVT       saed32rvt_ss0p95v25c
                                                          1.270720  
U90                       INVX0_RVT       saed32rvt_ss0p95v25c
                                                          1.270720  
U91                       INVX0_RVT       saed32rvt_ss0p95v25c
                                                          1.270720  
U92                       INVX0_RVT       saed32rvt_ss0p95v25c
                                                          1.270720  
U93                       NAND2X0_RVT     saed32rvt_ss0p95v25c
                                                          1.524864  
U94                       NBUFFX2_RVT     saed32rvt_ss0p95v25c
                                                          2.033152  
U95                       NBUFFX2_RVT     saed32rvt_ss0p95v25c
                                                          2.033152  
U96                       NBUFFX2_RVT     saed32rvt_ss0p95v25c
                                                          2.033152  
U97                       AND2X1_RVT      saed32rvt_ss0p95v25c
                                                          2.033152  
U98                       AND2X1_RVT      saed32rvt_ss0p95v25c
                                                          2.033152  
U99                       AND2X1_RVT      saed32rvt_ss0p95v25c
                                                          2.033152  
U100                      AND2X1_RVT      saed32rvt_ss0p95v25c
                                                          2.033152  
U101                      OR2X1_RVT       saed32rvt_ss0p95v25c
                                                          2.033152  
U102                      INVX1_RVT       saed32rvt_ss0p95v25c
                                                          1.270720  
U103                      AO22X2_RVT      saed32rvt_ss0p95v25c
                                                          2.795584  
U104                      AO22X1_RVT      saed32rvt_ss0p95v25c
                                                          2.541440  
U105                      AO22X2_RVT      saed32rvt_ss0p95v25c
                                                          2.795584  
U106                      INVX0_RVT       saed32rvt_ss0p95v25c
                                                          1.270720  
U107                      INVX0_RVT       saed32rvt_ss0p95v25c
                                                          1.270720  
U108                      NBUFFX2_RVT     saed32rvt_ss0p95v25c
                                                          2.033152  
U109                      INVX0_RVT       saed32rvt_ss0p95v25c
                                                          1.270720  
U110                      INVX0_RVT       saed32rvt_ss0p95v25c
                                                          1.270720  
U111                      INVX0_RVT       saed32rvt_ss0p95v25c
                                                          1.270720  
U112                      NBUFFX2_RVT     saed32rvt_ss0p95v25c
                                                          2.033152  
U113                      INVX0_RVT       saed32rvt_ss0p95v25c
                                                          1.270720  
U114                      INVX0_RVT       saed32rvt_ss0p95v25c
                                                          1.270720  
U115                      INVX0_RVT       saed32rvt_ss0p95v25c
                                                          1.270720  
U116                      INVX0_RVT       saed32rvt_ss0p95v25c
                                                          1.270720  
U117                      INVX0_RVT       saed32rvt_ss0p95v25c
                                                          1.270720  
U118                      INVX0_RVT       saed32rvt_ss0p95v25c
                                                          1.270720  
U119                      INVX0_RVT       saed32rvt_ss0p95v25c
                                                          1.270720  
U120                      NAND2X0_RVT     saed32rvt_ss0p95v25c
                                                          1.524864  
U121                      INVX1_RVT       saed32rvt_ss0p95v25c
                                                          1.270720  
U122                      INVX0_RVT       saed32rvt_ss0p95v25c
                                                          1.270720  
U123                      IBUFFX2_RVT     saed32rvt_ss0p95v25c
                                                          2.541440  
U124                      IBUFFX2_RVT     saed32rvt_ss0p95v25c
                                                          2.541440  
U125                      IBUFFX2_RVT     saed32rvt_ss0p95v25c
                                                          2.541440  
U126                      INVX0_RVT       saed32rvt_ss0p95v25c
                                                          1.270720  
U127                      IBUFFX2_RVT     saed32rvt_ss0p95v25c
                                                          2.541440  
U128                      IBUFFX2_RVT     saed32rvt_ss0p95v25c
                                                          2.541440  
U129                      INVX0_RVT       saed32rvt_ss0p95v25c
                                                          1.270720  
U130                      IBUFFX2_RVT     saed32rvt_ss0p95v25c
                                                          2.541440  
U131                      IBUFFX2_RVT     saed32rvt_ss0p95v25c
                                                          2.541440  
U132                      AND2X1_RVT      saed32rvt_ss0p95v25c
                                                          2.033152  
U133                      DELLN3X2_RVT    saed32rvt_ss0p95v25c
                                                          9.657472  
U134                      IBUFFX2_RVT     saed32rvt_ss0p95v25c
                                                          2.541440  
U135                      NAND4X1_RVT     saed32rvt_ss0p95v25c
                                                          3.049728  
U136                      INVX0_RVT       saed32rvt_ss0p95v25c
                                                          1.270720  
U137                      IBUFFX2_RVT     saed32rvt_ss0p95v25c
                                                          2.541440  
U138                      IBUFFX2_RVT     saed32rvt_ss0p95v25c
                                                          2.541440  
U139                      IBUFFX2_RVT     saed32rvt_ss0p95v25c
                                                          2.541440  
U140                      AND3X4_RVT      saed32rvt_ss0p95v25c
                                                          3.049728  
U141                      IBUFFX2_RVT     saed32rvt_ss0p95v25c
                                                          2.541440  
U142                      AND2X1_RVT      saed32rvt_ss0p95v25c
                                                          2.033152  
U143                      AO22X1_RVT      saed32rvt_ss0p95v25c
                                                          2.541440  
U144                      AO22X1_RVT      saed32rvt_ss0p95v25c
                                                          2.541440  
U145                      AND3X2_RVT      saed32rvt_ss0p95v25c
                                                          2.541440  
U146                      NAND2X0_RVT     saed32rvt_ss0p95v25c
                                                          1.524864  
U147                      NAND2X0_RVT     saed32rvt_ss0p95v25c
                                                          1.524864  
U148                      NAND2X0_RVT     saed32rvt_ss0p95v25c
                                                          1.524864  
U149                      AND2X1_RVT      saed32rvt_ss0p95v25c
                                                          2.033152  
U150                      AND2X1_RVT      saed32rvt_ss0p95v25c
                                                          2.033152  
U151                      AO22X1_RVT      saed32rvt_ss0p95v25c
                                                          2.541440  
U152                      INVX1_RVT       saed32rvt_ss0p95v25c
                                                          1.270720  
U153                      INVX1_RVT       saed32rvt_ss0p95v25c
                                                          1.270720  
U154                      AO22X1_RVT      saed32rvt_ss0p95v25c
                                                          2.541440  
U155                      AO22X1_RVT      saed32rvt_ss0p95v25c
                                                          2.541440  
U156                      IBUFFX2_RVT     saed32rvt_ss0p95v25c
                                                          2.541440  
U157                      AO22X1_RVT      saed32rvt_ss0p95v25c
                                                          2.541440  
U158                      AO22X1_RVT      saed32rvt_ss0p95v25c
                                                          2.541440  
U159                      AO221X1_RVT     saed32rvt_ss0p95v25c
                                                          3.049728  
U160                      INVX1_RVT       saed32rvt_ss0p95v25c
                                                          1.270720  
U161                      AO221X1_RVT     saed32rvt_ss0p95v25c
                                                          3.049728  
U162                      INVX1_RVT       saed32rvt_ss0p95v25c
                                                          1.270720  
U163                      AO22X1_RVT      saed32rvt_ss0p95v25c
                                                          2.541440  
U164                      IBUFFX2_RVT     saed32rvt_ss0p95v25c
                                                          2.541440  
U165                      AND2X1_RVT      saed32rvt_ss0p95v25c
                                                          2.033152  
U166                      IBUFFX2_RVT     saed32rvt_ss0p95v25c
                                                          2.541440  
U167                      INVX1_RVT       saed32rvt_ss0p95v25c
                                                          1.270720  
U168                      AND2X1_RVT      saed32rvt_ss0p95v25c
                                                          2.033152  
U169                      AND2X1_RVT      saed32rvt_ss0p95v25c
                                                          2.033152  
U170                      AND2X1_RVT      saed32rvt_ss0p95v25c
                                                          2.033152  
U171                      OR2X1_RVT       saed32rvt_ss0p95v25c
                                                          2.033152  
U172                      OR2X1_RVT       saed32rvt_ss0p95v25c
                                                          2.033152  
U173                      AOI21X1_RVT     saed32rvt_ss0p95v25c
                                                          3.049728  
U174                      AO22X1_RVT      saed32rvt_ss0p95v25c
                                                          2.541440  
U175                      INVX0_RVT       saed32rvt_ss0p95v25c
                                                          1.270720  
U176                      INVX0_RVT       saed32rvt_ss0p95v25c
                                                          1.270720  
U177                      AO22X1_RVT      saed32rvt_ss0p95v25c
                                                          2.541440  
U178                      AO22X1_RVT      saed32rvt_ss0p95v25c
                                                          2.541440  
U179                      AO22X1_RVT      saed32rvt_ss0p95v25c
                                                          2.541440  
U180                      AO22X1_RVT      saed32rvt_ss0p95v25c
                                                          2.541440  
U181                      AO22X1_RVT      saed32rvt_ss0p95v25c
                                                          2.541440  
U182                      AO22X1_RVT      saed32rvt_ss0p95v25c
                                                          2.541440  
U183                      AO22X1_RVT      saed32rvt_ss0p95v25c
                                                          2.541440  
U184                      AO22X1_RVT      saed32rvt_ss0p95v25c
                                                          2.541440  
U185                      AO22X1_RVT      saed32rvt_ss0p95v25c
                                                          2.541440  
U186                      AO22X1_RVT      saed32rvt_ss0p95v25c
                                                          2.541440  
U187                      AO22X1_RVT      saed32rvt_ss0p95v25c
                                                          2.541440  
U188                      AO22X1_RVT      saed32rvt_ss0p95v25c
                                                          2.541440  
U189                      AO22X1_RVT      saed32rvt_ss0p95v25c
                                                          2.541440  
U190                      AO22X1_RVT      saed32rvt_ss0p95v25c
                                                          2.541440  
U191                      AO22X1_RVT      saed32rvt_ss0p95v25c
                                                          2.541440  
U192                      AO22X1_RVT      saed32rvt_ss0p95v25c
                                                          2.541440  
U193                      AO22X1_RVT      saed32rvt_ss0p95v25c
                                                          2.541440  
U194                      AO22X1_RVT      saed32rvt_ss0p95v25c
                                                          2.541440  
U195                      AO22X1_RVT      saed32rvt_ss0p95v25c
                                                          2.541440  
U196                      AO22X1_RVT      saed32rvt_ss0p95v25c
                                                          2.541440  
U197                      AO22X1_RVT      saed32rvt_ss0p95v25c
                                                          2.541440  
U198                      AO22X1_RVT      saed32rvt_ss0p95v25c
                                                          2.541440  
U199                      AO22X1_RVT      saed32rvt_ss0p95v25c
                                                          2.541440  
U200                      AO22X1_RVT      saed32rvt_ss0p95v25c
                                                          2.541440  
U201                      AO22X1_RVT      saed32rvt_ss0p95v25c
                                                          2.541440  
U202                      INVX0_RVT       saed32rvt_ss0p95v25c
                                                          1.270720  
U203                      AO22X1_RVT      saed32rvt_ss0p95v25c
                                                          2.541440  
WillSendControlFrame_sync1_reg
                          DFFARX1_RVT     saed32rvt_ss0p95v25c
                                                          7.116032  n
WillSendControlFrame_sync2_reg
                          DFFARX1_RVT     saed32rvt_ss0p95v25c
                                                          7.116032  n
WillSendControlFrame_sync3_reg
                          DFFARX1_RVT     saed32rvt_ss0p95v25c
                                                          7.116032  n
WillTransmit_q2_reg       DFFX1_RVT       saed32rvt_ss0p95v25c
                                                          6.607744  n
WillTransmit_q_reg        DFFX1_RVT       saed32rvt_ss0p95v25c
                                                          6.607744  n
ethreg1                   eth_registers                   4101.375915
                                                                    h, n
maccontrol1               eth_maccontrol                  1906.080022
                                                                    h, n
macstatus1                eth_macstatus                   403.580675
                                                                    h, n
miim1                     eth_miim                        1043.515277
                                                                    h, n
rxethmac1                 eth_rxethmac                    2126.931153
                                                                    h, n
temp_wb_ack_o_reg_reg     DFFARX1_RVT     saed32rvt_ss0p95v25c
                                                          7.116032  n
temp_wb_dat_o_reg_reg[0]  DFFARX1_RVT     saed32rvt_ss0p95v25c
                                                          7.116032  n
temp_wb_dat_o_reg_reg[1]  DFFARX1_RVT     saed32rvt_ss0p95v25c
                                                          7.116032  n
temp_wb_dat_o_reg_reg[2]  DFFARX1_RVT     saed32rvt_ss0p95v25c
                                                          7.116032  n
temp_wb_dat_o_reg_reg[3]  DFFARX1_RVT     saed32rvt_ss0p95v25c
                                                          7.116032  n
temp_wb_dat_o_reg_reg[4]  DFFARX1_RVT     saed32rvt_ss0p95v25c
                                                          7.116032  n
temp_wb_dat_o_reg_reg[5]  DFFARX1_RVT     saed32rvt_ss0p95v25c
                                                          7.116032  n
temp_wb_dat_o_reg_reg[6]  DFFARX1_RVT     saed32rvt_ss0p95v25c
                                                          7.116032  n
temp_wb_dat_o_reg_reg[7]  DFFARX1_RVT     saed32rvt_ss0p95v25c
                                                          7.116032  n
temp_wb_dat_o_reg_reg[8]  DFFARX1_RVT     saed32rvt_ss0p95v25c
                                                          7.116032  n
temp_wb_dat_o_reg_reg[9]  DFFARX1_RVT     saed32rvt_ss0p95v25c
                                                          7.116032  n
temp_wb_dat_o_reg_reg[10] DFFARX1_RVT     saed32rvt_ss0p95v25c
                                                          7.116032  n
temp_wb_dat_o_reg_reg[11] DFFARX1_RVT     saed32rvt_ss0p95v25c
                                                          7.116032  n
temp_wb_dat_o_reg_reg[12] DFFARX1_RVT     saed32rvt_ss0p95v25c
                                                          7.116032  n
temp_wb_dat_o_reg_reg[13] DFFARX1_RVT     saed32rvt_ss0p95v25c
                                                          7.116032  n
temp_wb_dat_o_reg_reg[14] DFFARX1_RVT     saed32rvt_ss0p95v25c
                                                          7.116032  n
temp_wb_dat_o_reg_reg[15] DFFARX1_RVT     saed32rvt_ss0p95v25c
                                                          7.116032  n
temp_wb_dat_o_reg_reg[16] DFFARX1_RVT     saed32rvt_ss0p95v25c
                                                          7.116032  n
temp_wb_dat_o_reg_reg[17] DFFARX1_RVT     saed32rvt_ss0p95v25c
                                                          7.116032  n
temp_wb_dat_o_reg_reg[18] DFFARX1_RVT     saed32rvt_ss0p95v25c
                                                          7.116032  n
temp_wb_dat_o_reg_reg[19] DFFARX1_RVT     saed32rvt_ss0p95v25c
                                                          7.116032  n
temp_wb_dat_o_reg_reg[20] DFFARX1_RVT     saed32rvt_ss0p95v25c
                                                          7.116032  n
temp_wb_dat_o_reg_reg[21] DFFARX1_RVT     saed32rvt_ss0p95v25c
                                                          7.116032  n
temp_wb_dat_o_reg_reg[22] DFFARX1_RVT     saed32rvt_ss0p95v25c
                                                          7.116032  n
temp_wb_dat_o_reg_reg[23] DFFARX1_RVT     saed32rvt_ss0p95v25c
                                                          7.116032  n
temp_wb_dat_o_reg_reg[24] DFFARX1_RVT     saed32rvt_ss0p95v25c
                                                          7.116032  n
temp_wb_dat_o_reg_reg[25] DFFARX1_RVT     saed32rvt_ss0p95v25c
                                                          7.116032  n
temp_wb_dat_o_reg_reg[26] DFFARX1_RVT     saed32rvt_ss0p95v25c
                                                          7.116032  n
temp_wb_dat_o_reg_reg[27] DFFARX1_RVT     saed32rvt_ss0p95v25c
                                                          7.116032  n
temp_wb_dat_o_reg_reg[28] DFFARX1_RVT     saed32rvt_ss0p95v25c
                                                          7.116032  n
temp_wb_dat_o_reg_reg[29] DFFARX1_RVT     saed32rvt_ss0p95v25c
                                                          7.116032  n
temp_wb_dat_o_reg_reg[30] DFFARX1_RVT     saed32rvt_ss0p95v25c
                                                          7.116032  n
temp_wb_dat_o_reg_reg[31] DFFARX1_RVT     saed32rvt_ss0p95v25c
                                                          7.116032  n
temp_wb_err_o_reg_reg     DFFARX1_RVT     saed32rvt_ss0p95v25c
                                                          7.116032  n
txethmac1                 eth_txethmac                    2331.008786
                                                                    h, n
wishbone                  eth_wishbone                    137214.126495
                                                                    h, n
--------------------------------------------------------------------------------
Total 183 cells                                           149776.464539
1
