Information: Updating design information... (UID-85)
 
****************************************
Report : constraint
        -all_violators
Design : usb_phy
Version: W-2024.09-SP4-1
Date   : Tue May 13 12:29:06 2025
****************************************


   min_delay/hold ('clk' group)

                             Required        Actual
   Endpoint                 Path Delay     Path Delay        Slack
   -----------------------------------------------------------------
   i_rx_phy/rxd_s0_reg/D        0.20           0.02 f        -0.17  (VIOLATED)
   i_rx_phy/rxdn_s0_reg/D       0.20           0.02 f        -0.17  (VIOLATED)
   i_rx_phy/rxdp_s0_reg/D       0.20           0.02 f        -0.17  (VIOLATED)
   i_tx_phy/hold_reg_reg[0]/D
                                0.19           0.09 f        -0.10  (VIOLATED)
   i_tx_phy/hold_reg_reg[1]/D
                                0.19           0.09 f        -0.10  (VIOLATED)
   i_tx_phy/hold_reg_reg[2]/D
                                0.19           0.09 f        -0.10  (VIOLATED)
   i_tx_phy/hold_reg_reg[3]/D
                                0.19           0.09 f        -0.10  (VIOLATED)
   i_tx_phy/hold_reg_reg[4]/D
                                0.19           0.09 f        -0.10  (VIOLATED)
   i_tx_phy/hold_reg_reg[5]/D
                                0.19           0.09 f        -0.10  (VIOLATED)
   i_tx_phy/hold_reg_reg[6]/D
                                0.19           0.09 f        -0.10  (VIOLATED)
   i_tx_phy/hold_reg_reg[7]/D
                                0.18           0.10 f        -0.08  (VIOLATED)
   TxReady_o                    0.19           0.14 r        -0.05  (VIOLATED)
   RxError_o                    0.19           0.14 r        -0.05  (VIOLATED)
   txdn                         0.19           0.16 r        -0.03  (VIOLATED)
   txdp                         0.19           0.16 r        -0.03  (VIOLATED)
   DataIn_o[0]                  0.19           0.16 r        -0.03  (VIOLATED)
   i_rx_phy/fs_ce_r2_reg/D      0.18           0.16 f        -0.02  (VIOLATED)
   i_rx_phy/fs_ce_reg/D         0.18           0.16 f        -0.02  (VIOLATED)
   RxValid_o                    0.19           0.17 r        -0.02  (VIOLATED)
   usb_rst                      0.19           0.17 r        -0.02  (VIOLATED)
   i_rx_phy/rxdn_s_reg/D        0.18           0.17 f        -0.01  (VIOLATED)
   i_rx_phy/rxdp_s_reg/D        0.18           0.17 f        -0.01  (VIOLATED)
   rst_cnt_reg[0]/D             0.19           0.18 f         0.00  (VIOLATED: increase significant digits)
   i_tx_phy/txdn_reg/D          0.19           0.19 f         0.00  (VIOLATED: increase significant digits)


   max_area

                             Required        Actual
   Design                      Area           Area           Slack
   -----------------------------------------------------------------
   usb_phy                      0.00        1333.00       -1333.00  (VIOLATED)


1
