Information: Propagating switching activity (low effort zero delay simulation). (PWR-6)
Warning: Design has unannotated primary inputs. (PWR-414)
Warning: Design has unannotated sequential cell outputs. (PWR-415)
 
****************************************
Report : power
        -analysis_effort low
Design : wb_dma_top
Version: W-2024.09-SP2
Date   : Tue May  6 10:02:14 2025
****************************************


Library(s) Used:

    saed32rvt_ss0p95v25c (File: /mnt/class_data/ecec574-w2019/PDKs/_archived/SAED32nm_new/SAED32_EDK/lib/stdcell_rvt/db_ccs/saed32rvt_ss0p95v25c.db)

Information: The library cell 'NBUFFX4_RVT' in the library 'saed32rvt_ss0p95v25c' is not characterized for internal power. (PWR-227)
Information: The design contains cells, other than constants and black boxes, that are not characterized for internal power. (PWR-228)

Operating Conditions: ss0p95v125c   Library: saed32rvt_ss0p95v125c
Wire Load Model Mode: enclosed

Design        Wire Load Model            Library
------------------------------------------------
wb_dma_top             ForQA             saed32rvt_ss0p95v125c


Global Operating Voltage = 0.95 
Power-specific unit information :
    Voltage Units = 1V
    Capacitance Units = 1.000000ff
    Time Units = 1ns
    Dynamic Power Units = 1uW    (derived from V,C,T units)
    Leakage Power Units = 1pW


Attributes
----------
i - Including register clock pin internal power


  Cell Internal Power  = 265.6372 uW   (91%)
  Net Switching Power  =  25.8378 uW    (9%)
                         ---------
Total Dynamic Power    = 291.4750 uW  (100%)

Cell Leakage Power     =   1.4925 mW


                 Internal         Switching           Leakage            Total
Power Group      Power            Power               Power              Power   (   %    )  Attrs
--------------------------------------------------------------------------------------------------
io_pad             0.0000            0.0000            0.0000            0.0000  (   0.00%)
memory             0.0000            0.0000            0.0000            0.0000  (   0.00%)
black_box          0.0000            0.0000            0.0000            0.0000  (   0.00%)
clock_network    330.2825            0.0000            0.0000          330.2825  (  18.51%)  i
register       -7.0705e+01            3.2831        8.9853e+07           22.4309 (   1.26%)
sequential         0.0000            0.0000            0.0000            0.0000  (   0.00%)
combinational      6.0603           22.5547        1.4026e+09        1.4313e+03  (  80.23%)
--------------------------------------------------------------------------------------------------
Total            265.6373 uW        25.8378 uW     1.4925e+09 pW     1.7840e+03 uW
1
