 
****************************************
Report : power
        -analysis_effort low
Design : wb_dma_top
Version: W-2024.09-SP4-1
Date   : Tue May 13 12:31:55 2025
****************************************


Library(s) Used:

    saed32rvt_ss0p95v125c (File: /mnt/class_data/ecec574-w2019/PDKs/_archived/SAED32nm_new/SAED32_EDK/lib/stdcell_rvt/db_ccs/saed32rvt_ss0p95v125c.db)


Operating Conditions: ss0p95v125c   Library: saed32rvt_ss0p95v125c
Wire Load Model Mode: enclosed

Design        Wire Load Model            Library
------------------------------------------------
wb_dma_top             8000              saed32rvt_ss0p95v125c


Global Operating Voltage = 0.95 
Power-specific unit information :
    Voltage Units = 1V
    Capacitance Units = 1.000000ff
    Time Units = 1ns
    Dynamic Power Units = 1uW    (derived from V,C,T units)
    Leakage Power Units = 1pW


Attributes
----------
i - Including register clock pin internal power


  Cell Internal Power  = 249.7890 uW   (99%)
  Net Switching Power  =   3.2073 uW    (1%)
                         ---------
Total Dynamic Power    = 252.9963 uW  (100%)

Cell Leakage Power     = 177.7186 uW


                 Internal         Switching           Leakage            Total
Power Group      Power            Power               Power              Power   (   %    )  Attrs
--------------------------------------------------------------------------------------------------
io_pad             0.0000            0.0000            0.0000            0.0000  (   0.00%)
memory             0.0000            0.0000            0.0000            0.0000  (   0.00%)
black_box          0.0000            0.0000            0.0000            0.0000  (   0.00%)
clock_network    290.9938            0.0000            0.0000          290.9938  (  67.56%)  i
register       -4.8060e+01            0.8469        7.5275e+07           28.0616 (   6.52%)
sequential         0.0000            0.0000            0.0000            0.0000  (   0.00%)
combinational      6.8556            2.3604        1.0244e+08          111.6596  (  25.92%)
--------------------------------------------------------------------------------------------------
Total            249.7892 uW         3.2073 uW     1.7772e+08 pW       430.7150 uW
1
