 
****************************************
Report : cell
Design : wb_dma_top
Version: M-2016.12-SP1
Date   : Tue Apr 15 10:39:25 2025
****************************************

Attributes:
    b - black box (unknown)
    h - hierarchical
    n - noncombinational
    p - parameterized
    r - removable
    u - contains unmapped logic

Cell                      Reference       Library             Area  Attributes
--------------------------------------------------------------------------------
U3                        INVX1_RVT       saed32rvt_ss0p95v25c
                                                          1.270720  
u0                        wb_dma_rf_1_0_0_0_0_0_0_0_0_0_0_0_0_0_0_0_0_0_0_0_0_0_0_0_0_0_0_0_0_0_0
                                                          2588.710829
                                                                    h, n, p
u1                        wb_dma_ch_sel_0_1_0_0_0_0_0_0_0_0_0_0_0_0_0_0_0_0_0_0_0_0_0_0_0_0_0_0_0_0_0_0
                                                          43133.320023
                                                                    h, n, p
u2                        wb_dma_de                       3690.679222
                                                                    h, n
u3                        wb_dma_wb_if_rf_addr0_1         1104.763991
                                                                    h, n, p
u4                        wb_dma_wb_if_rf_addr0_0         1118.233622
                                                                    h, n, p
--------------------------------------------------------------------------------
Total 6 cells                                             51636.978407
1
