 
****************************************
check_design summary:
Version:     W-2024.09-SP4-1
Date:        Tue Apr 29 13:03:45 2025
****************************************

                   Name                                            Total
--------------------------------------------------------------------------------
Inputs/Outputs                                                      1
    Unloaded inputs (LINT-8)                                        1

Cells                                                             122
    Cells do not drive (LINT-1)                                     2
    Leaf pins connected to undriven nets (LINT-58)                120

Nets                                                              357
    Unloaded nets (LINT-2)                                        267
    Undriven nets (LINT-3)                                         90
--------------------------------------------------------------------------------

Warning: In design 'wb_dma_top', cell 'u2/C1808' does not drive any nets. (LINT-1)
Warning: In design 'wb_dma_top', cell 'u2/C1797' does not drive any nets. (LINT-1)
Warning: In design 'wb_dma_top', net 'u0/ch_dis[30]' driven by pin 'u0/u30/ch_dis_reg/Q' has no loads. (LINT-2)
Warning: In design 'wb_dma_top', net 'u0/ch_dis[29]' driven by pin 'u0/u29/ch_dis_reg/Q' has no loads. (LINT-2)
Warning: In design 'wb_dma_top', net 'u0/ch_dis[28]' driven by pin 'u0/u28/ch_dis_reg/Q' has no loads. (LINT-2)
Warning: In design 'wb_dma_top', net 'u0/ch_dis[27]' driven by pin 'u0/u27/ch_dis_reg/Q' has no loads. (LINT-2)
Warning: In design 'wb_dma_top', net 'u0/ch_dis[26]' driven by pin 'u0/u26/ch_dis_reg/Q' has no loads. (LINT-2)
Warning: In design 'wb_dma_top', net 'u0/ch_dis[25]' driven by pin 'u0/u25/ch_dis_reg/Q' has no loads. (LINT-2)
Warning: In design 'wb_dma_top', net 'u0/ch_dis[24]' driven by pin 'u0/u24/ch_dis_reg/Q' has no loads. (LINT-2)
Warning: In design 'wb_dma_top', net 'u0/ch_dis[23]' driven by pin 'u0/u23/ch_dis_reg/Q' has no loads. (LINT-2)
Warning: In design 'wb_dma_top', net 'u0/ch_dis[22]' driven by pin 'u0/u22/ch_dis_reg/Q' has no loads. (LINT-2)
Warning: In design 'wb_dma_top', net 'u0/ch_dis[21]' driven by pin 'u0/u21/ch_dis_reg/Q' has no loads. (LINT-2)
Warning: In design 'wb_dma_top', net 'u0/ch_dis[20]' driven by pin 'u0/u20/ch_dis_reg/Q' has no loads. (LINT-2)
Warning: In design 'wb_dma_top', net 'u0/ch_dis[19]' driven by pin 'u0/u19/ch_dis_reg/Q' has no loads. (LINT-2)
Warning: In design 'wb_dma_top', net 'u0/ch_dis[18]' driven by pin 'u0/u18/ch_dis_reg/Q' has no loads. (LINT-2)
Warning: In design 'wb_dma_top', net 'u0/ch_dis[17]' driven by pin 'u0/u17/ch_dis_reg/Q' has no loads. (LINT-2)
Warning: In design 'wb_dma_top', net 'u0/ch_dis[16]' driven by pin 'u0/u16/ch_dis_reg/Q' has no loads. (LINT-2)
Warning: In design 'wb_dma_top', net 'u0/ch_dis[15]' driven by pin 'u0/u15/ch_dis_reg/Q' has no loads. (LINT-2)
Warning: In design 'wb_dma_top', net 'u0/ch_dis[14]' driven by pin 'u0/u14/ch_dis_reg/Q' has no loads. (LINT-2)
Warning: In design 'wb_dma_top', net 'u0/ch_dis[13]' driven by pin 'u0/u13/ch_dis_reg/Q' has no loads. (LINT-2)
Warning: In design 'wb_dma_top', net 'u0/ch_dis[12]' driven by pin 'u0/u12/ch_dis_reg/Q' has no loads. (LINT-2)
Warning: In design 'wb_dma_top', net 'u0/ch_dis[11]' driven by pin 'u0/u11/ch_dis_reg/Q' has no loads. (LINT-2)
Warning: In design 'wb_dma_top', net 'u0/ch_dis[10]' driven by pin 'u0/u10/ch_dis_reg/Q' has no loads. (LINT-2)
Warning: In design 'wb_dma_top', net 'u0/ch_dis[9]' driven by pin 'u0/u9/ch_dis_reg/Q' has no loads. (LINT-2)
Warning: In design 'wb_dma_top', net 'u0/ch_dis[8]' driven by pin 'u0/u8/ch_dis_reg/Q' has no loads. (LINT-2)
Warning: In design 'wb_dma_top', net 'u0/ch_dis[7]' driven by pin 'u0/u7/ch_dis_reg/Q' has no loads. (LINT-2)
Warning: In design 'wb_dma_top', net 'u0/ch_dis[6]' driven by pin 'u0/u6/ch_dis_reg/Q' has no loads. (LINT-2)
Warning: In design 'wb_dma_top', net 'u0/ch_dis[5]' driven by pin 'u0/u5/ch_dis_reg/Q' has no loads. (LINT-2)
Warning: In design 'wb_dma_top', net 'u0/ch_dis[4]' driven by pin 'u0/u4/ch_dis_reg/Q' has no loads. (LINT-2)
Warning: In design 'wb_dma_top', net 'u0/ch_dis[3]' driven by pin 'u0/u3/ch_dis_reg/Q' has no loads. (LINT-2)
Warning: In design 'wb_dma_top', net 'u0/ch_dis[2]' driven by pin 'u0/u2/ch_dis_reg/Q' has no loads. (LINT-2)
Warning: In design 'wb_dma_top', net 'u0/ch_dis[1]' driven by pin 'u0/u1/ch_dis_reg/Q' has no loads. (LINT-2)
Warning: In design 'wb_dma_top', net 'u0/ch_dis[0]' driven by pin 'u0/u0/ch_dis_reg/Q' has no loads. (LINT-2)
Warning: In design 'wb_dma_top', net 'slv1_dout[0]' driven by pin 'u4/u1/slv_dout_reg[0]/Q' has no loads. (LINT-2)
Warning: In design 'wb_dma_top', net 'slv1_dout[1]' driven by pin 'u4/u1/slv_dout_reg[1]/Q' has no loads. (LINT-2)
Warning: In design 'wb_dma_top', net 'slv1_dout[2]' driven by pin 'u4/u1/slv_dout_reg[2]/Q' has no loads. (LINT-2)
Warning: In design 'wb_dma_top', net 'slv1_dout[3]' driven by pin 'u4/u1/slv_dout_reg[3]/Q' has no loads. (LINT-2)
Warning: In design 'wb_dma_top', net 'slv1_dout[4]' driven by pin 'u4/u1/slv_dout_reg[4]/Q' has no loads. (LINT-2)
Warning: In design 'wb_dma_top', net 'slv1_dout[5]' driven by pin 'u4/u1/slv_dout_reg[5]/Q' has no loads. (LINT-2)
Warning: In design 'wb_dma_top', net 'slv1_dout[6]' driven by pin 'u4/u1/slv_dout_reg[6]/Q' has no loads. (LINT-2)
Warning: In design 'wb_dma_top', net 'slv1_dout[7]' driven by pin 'u4/u1/slv_dout_reg[7]/Q' has no loads. (LINT-2)
Warning: In design 'wb_dma_top', net 'slv1_dout[8]' driven by pin 'u4/u1/slv_dout_reg[8]/Q' has no loads. (LINT-2)
Warning: In design 'wb_dma_top', net 'slv1_dout[9]' driven by pin 'u4/u1/slv_dout_reg[9]/Q' has no loads. (LINT-2)
Warning: In design 'wb_dma_top', net 'slv1_dout[10]' driven by pin 'u4/u1/slv_dout_reg[10]/Q' has no loads. (LINT-2)
Warning: In design 'wb_dma_top', net 'slv1_dout[11]' driven by pin 'u4/u1/slv_dout_reg[11]/Q' has no loads. (LINT-2)
Warning: In design 'wb_dma_top', net 'slv1_dout[12]' driven by pin 'u4/u1/slv_dout_reg[12]/Q' has no loads. (LINT-2)
Warning: In design 'wb_dma_top', net 'slv1_dout[13]' driven by pin 'u4/u1/slv_dout_reg[13]/Q' has no loads. (LINT-2)
Warning: In design 'wb_dma_top', net 'slv1_dout[14]' driven by pin 'u4/u1/slv_dout_reg[14]/Q' has no loads. (LINT-2)
Warning: In design 'wb_dma_top', net 'slv1_dout[15]' driven by pin 'u4/u1/slv_dout_reg[15]/Q' has no loads. (LINT-2)
Warning: In design 'wb_dma_top', net 'slv1_dout[16]' driven by pin 'u4/u1/slv_dout_reg[16]/Q' has no loads. (LINT-2)
Warning: In design 'wb_dma_top', net 'slv1_dout[17]' driven by pin 'u4/u1/slv_dout_reg[17]/Q' has no loads. (LINT-2)
Warning: In design 'wb_dma_top', net 'slv1_dout[18]' driven by pin 'u4/u1/slv_dout_reg[18]/Q' has no loads. (LINT-2)
Warning: In design 'wb_dma_top', net 'slv1_dout[19]' driven by pin 'u4/u1/slv_dout_reg[19]/Q' has no loads. (LINT-2)
Warning: In design 'wb_dma_top', net 'slv1_dout[20]' driven by pin 'u4/u1/slv_dout_reg[20]/Q' has no loads. (LINT-2)
Warning: In design 'wb_dma_top', net 'slv1_dout[21]' driven by pin 'u4/u1/slv_dout_reg[21]/Q' has no loads. (LINT-2)
Warning: In design 'wb_dma_top', net 'slv1_dout[22]' driven by pin 'u4/u1/slv_dout_reg[22]/Q' has no loads. (LINT-2)
Warning: In design 'wb_dma_top', net 'slv1_dout[23]' driven by pin 'u4/u1/slv_dout_reg[23]/Q' has no loads. (LINT-2)
Warning: In design 'wb_dma_top', net 'slv1_dout[24]' driven by pin 'u4/u1/slv_dout_reg[24]/Q' has no loads. (LINT-2)
Warning: In design 'wb_dma_top', net 'slv1_dout[25]' driven by pin 'u4/u1/slv_dout_reg[25]/Q' has no loads. (LINT-2)
Warning: In design 'wb_dma_top', net 'slv1_dout[26]' driven by pin 'u4/u1/slv_dout_reg[26]/Q' has no loads. (LINT-2)
Warning: In design 'wb_dma_top', net 'slv1_dout[27]' driven by pin 'u4/u1/slv_dout_reg[27]/Q' has no loads. (LINT-2)
Warning: In design 'wb_dma_top', net 'slv1_dout[28]' driven by pin 'u4/u1/slv_dout_reg[28]/Q' has no loads. (LINT-2)
Warning: In design 'wb_dma_top', net 'slv1_dout[29]' driven by pin 'u4/u1/slv_dout_reg[29]/Q' has no loads. (LINT-2)
Warning: In design 'wb_dma_top', net 'slv1_dout[30]' driven by pin 'u4/u1/slv_dout_reg[30]/Q' has no loads. (LINT-2)
Warning: In design 'wb_dma_top', net 'slv1_dout[31]' driven by pin 'u4/u1/slv_dout_reg[31]/Q' has no loads. (LINT-2)
Warning: In design 'wb_dma_top', net 'slv1_adr[0]' driven by pin 'u4/u1/slv_adr_reg[0]/Q' has no loads. (LINT-2)
Warning: In design 'wb_dma_top', net 'slv1_adr[1]' driven by pin 'u4/u1/slv_adr_reg[1]/Q' has no loads. (LINT-2)
Warning: In design 'wb_dma_top', net 'slv1_adr[2]' driven by pin 'u4/u1/slv_adr_reg[2]/Q' has no loads. (LINT-2)
Warning: In design 'wb_dma_top', net 'slv1_adr[3]' driven by pin 'u4/u1/slv_adr_reg[3]/Q' has no loads. (LINT-2)
Warning: In design 'wb_dma_top', net 'slv1_adr[4]' driven by pin 'u4/u1/slv_adr_reg[4]/Q' has no loads. (LINT-2)
Warning: In design 'wb_dma_top', net 'slv1_adr[5]' driven by pin 'u4/u1/slv_adr_reg[5]/Q' has no loads. (LINT-2)
Warning: In design 'wb_dma_top', net 'slv1_adr[6]' driven by pin 'u4/u1/slv_adr_reg[6]/Q' has no loads. (LINT-2)
Warning: In design 'wb_dma_top', net 'slv1_adr[7]' driven by pin 'u4/u1/slv_adr_reg[7]/Q' has no loads. (LINT-2)
Warning: In design 'wb_dma_top', net 'slv1_adr[8]' driven by pin 'u4/u1/slv_adr_reg[8]/Q' has no loads. (LINT-2)
Warning: In design 'wb_dma_top', net 'slv1_adr[9]' driven by pin 'u4/u1/slv_adr_reg[9]/Q' has no loads. (LINT-2)
Warning: In design 'wb_dma_top', net 'slv1_adr[10]' driven by pin 'u4/u1/slv_adr_reg[10]/Q' has no loads. (LINT-2)
Warning: In design 'wb_dma_top', net 'slv1_adr[11]' driven by pin 'u4/u1/slv_adr_reg[11]/Q' has no loads. (LINT-2)
Warning: In design 'wb_dma_top', net 'slv1_adr[12]' driven by pin 'u4/u1/slv_adr_reg[12]/Q' has no loads. (LINT-2)
Warning: In design 'wb_dma_top', net 'slv1_adr[13]' driven by pin 'u4/u1/slv_adr_reg[13]/Q' has no loads. (LINT-2)
Warning: In design 'wb_dma_top', net 'slv1_adr[14]' driven by pin 'u4/u1/slv_adr_reg[14]/Q' has no loads. (LINT-2)
Warning: In design 'wb_dma_top', net 'slv1_adr[15]' driven by pin 'u4/u1/slv_adr_reg[15]/Q' has no loads. (LINT-2)
Warning: In design 'wb_dma_top', net 'slv1_adr[16]' driven by pin 'u4/u1/slv_adr_reg[16]/Q' has no loads. (LINT-2)
Warning: In design 'wb_dma_top', net 'slv1_adr[17]' driven by pin 'u4/u1/slv_adr_reg[17]/Q' has no loads. (LINT-2)
Warning: In design 'wb_dma_top', net 'slv1_adr[18]' driven by pin 'u4/u1/slv_adr_reg[18]/Q' has no loads. (LINT-2)
Warning: In design 'wb_dma_top', net 'slv1_adr[19]' driven by pin 'u4/u1/slv_adr_reg[19]/Q' has no loads. (LINT-2)
Warning: In design 'wb_dma_top', net 'slv1_adr[20]' driven by pin 'u4/u1/slv_adr_reg[20]/Q' has no loads. (LINT-2)
Warning: In design 'wb_dma_top', net 'slv1_adr[21]' driven by pin 'u4/u1/slv_adr_reg[21]/Q' has no loads. (LINT-2)
Warning: In design 'wb_dma_top', net 'slv1_adr[22]' driven by pin 'u4/u1/slv_adr_reg[22]/Q' has no loads. (LINT-2)
Warning: In design 'wb_dma_top', net 'slv1_adr[23]' driven by pin 'u4/u1/slv_adr_reg[23]/Q' has no loads. (LINT-2)
Warning: In design 'wb_dma_top', net 'slv1_adr[24]' driven by pin 'u4/u1/slv_adr_reg[24]/Q' has no loads. (LINT-2)
Warning: In design 'wb_dma_top', net 'slv1_adr[25]' driven by pin 'u4/u1/slv_adr_reg[25]/Q' has no loads. (LINT-2)
Warning: In design 'wb_dma_top', net 'slv1_adr[26]' driven by pin 'u4/u1/slv_adr_reg[26]/Q' has no loads. (LINT-2)
Warning: In design 'wb_dma_top', net 'slv1_adr[27]' driven by pin 'u4/u1/slv_adr_reg[27]/Q' has no loads. (LINT-2)
Warning: In design 'wb_dma_top', net 'slv1_adr[28]' driven by pin 'u4/u1/slv_adr_reg[28]/Q' has no loads. (LINT-2)
Warning: In design 'wb_dma_top', net 'slv1_adr[29]' driven by pin 'u4/u1/slv_adr_reg[29]/Q' has no loads. (LINT-2)
Warning: In design 'wb_dma_top', net 'slv1_adr[30]' driven by pin 'u4/u1/slv_adr_reg[30]/Q' has no loads. (LINT-2)
Warning: In design 'wb_dma_top', net 'slv1_adr[31]' driven by pin 'u4/u1/slv_adr_reg[31]/Q' has no loads. (LINT-2)
Warning: In design 'wb_dma_top', net '_4_net_' driven by pin 'I_4/Z' has no loads. (LINT-2)
Warning: In design 'wb_dma_top', net '_3_net_' driven by pin 'I_3/Z' has no loads. (LINT-2)
Warning: In design 'wb_dma_top', net 'am1[0]' driven by pin 'u1/C5012/Z_0' has no loads. (LINT-2)
Warning: In design 'wb_dma_top', net 'am1[1]' driven by pin 'u1/C5012/Z_1' has no loads. (LINT-2)
Warning: In design 'wb_dma_top', net 'am1[2]' driven by pin 'u1/C5012/Z_2' has no loads. (LINT-2)
Warning: In design 'wb_dma_top', net 'am1[3]' driven by pin 'u1/C5012/Z_3' has no loads. (LINT-2)
Warning: In design 'wb_dma_top', net 'am0[0]' driven by pin 'u1/C5011/Z_0' has no loads. (LINT-2)
Warning: In design 'wb_dma_top', net 'am0[1]' driven by pin 'u1/C5011/Z_1' has no loads. (LINT-2)
Warning: In design 'wb_dma_top', net 'am0[2]' driven by pin 'u1/C5011/Z_2' has no loads. (LINT-2)
Warning: In design 'wb_dma_top', net 'am0[3]' driven by pin 'u1/C5011/Z_3' has no loads. (LINT-2)
Warning: In design 'wb_dma_top', net 'adr1[0]' driven by pin 'u1/C5010/Z_0' has no loads. (LINT-2)
Warning: In design 'wb_dma_top', net 'adr1[1]' driven by pin 'u1/C5010/Z_1' has no loads. (LINT-2)
Warning: In design 'wb_dma_top', net 'adr0[0]' driven by pin 'u1/C5009/Z_0' has no loads. (LINT-2)
Warning: In design 'wb_dma_top', net 'adr0[1]' driven by pin 'u1/C5009/Z_1' has no loads. (LINT-2)
Warning: In design 'wb_dma_top', net 'txsz[12]' driven by pin 'u1/C5008/Z_12' has no loads. (LINT-2)
Warning: In design 'wb_dma_top', net 'txsz[13]' driven by pin 'u1/C5008/Z_13' has no loads. (LINT-2)
Warning: In design 'wb_dma_top', net 'txsz[14]' driven by pin 'u1/C5008/Z_14' has no loads. (LINT-2)
Warning: In design 'wb_dma_top', net 'txsz[25]' driven by pin 'u1/C5008/Z_25' has no loads. (LINT-2)
Warning: In design 'wb_dma_top', net 'txsz[26]' driven by pin 'u1/C5008/Z_26' has no loads. (LINT-2)
Warning: In design 'wb_dma_top', net 'txsz[27]' driven by pin 'u1/C5008/Z_27' has no loads. (LINT-2)
Warning: In design 'wb_dma_top', net 'txsz[28]' driven by pin 'u1/C5008/Z_28' has no loads. (LINT-2)
Warning: In design 'wb_dma_top', net 'txsz[29]' driven by pin 'u1/C5008/Z_29' has no loads. (LINT-2)
Warning: In design 'wb_dma_top', net 'txsz[30]' driven by pin 'u1/C5008/Z_30' has no loads. (LINT-2)
Warning: In design 'wb_dma_top', net 'txsz[31]' driven by pin 'u1/C5008/Z_31' has no loads. (LINT-2)
Warning: In design 'wb_dma_top', net 'pointer[1]' driven by pin 'u1/C5005/Z_1' has no loads. (LINT-2)
Warning: In design 'wb_dma_top', net 'pointer[2]' driven by pin 'u1/C5005/Z_2' has no loads. (LINT-2)
Warning: In design 'wb_dma_top', net 'pointer[3]' driven by pin 'u1/C5005/Z_3' has no loads. (LINT-2)
Warning: In design 'wb_dma_top', net 'csr[0]' driven by pin 'u1/C5007/Z_0' has no loads. (LINT-2)
Warning: In design 'wb_dma_top', net 'csr[5]' driven by pin 'u1/C5007/Z_5' has no loads. (LINT-2)
Warning: In design 'wb_dma_top', net 'csr[6]' driven by pin 'u1/C5007/Z_6' has no loads. (LINT-2)
Warning: In design 'wb_dma_top', net 'csr[9]' driven by pin 'u1/C5007/Z_9' has no loads. (LINT-2)
Warning: In design 'wb_dma_top', net 'csr[10]' driven by pin 'u1/C5007/Z_10' has no loads. (LINT-2)
Warning: In design 'wb_dma_top', net 'csr[11]' driven by pin 'u1/C5007/Z_11' has no loads. (LINT-2)
Warning: In design 'wb_dma_top', net 'csr[13]' driven by pin 'u1/C5007/Z_13' has no loads. (LINT-2)
Warning: In design 'wb_dma_top', net 'csr[14]' driven by pin 'u1/C5007/Z_14' has no loads. (LINT-2)
Warning: In design 'wb_dma_top', net 'csr[15]' driven by pin 'u1/C5007/Z_15' has no loads. (LINT-2)
Warning: In design 'wb_dma_top', net 'csr[16]' driven by pin 'u1/C5007/Z_16' has no loads. (LINT-2)
Warning: In design 'wb_dma_top', net 'csr[17]' driven by pin 'u1/C5007/Z_17' has no loads. (LINT-2)
Warning: In design 'wb_dma_top', net 'csr[18]' driven by pin 'u1/C5007/Z_18' has no loads. (LINT-2)
Warning: In design 'wb_dma_top', net 'csr[19]' driven by pin 'u1/C5007/Z_19' has no loads. (LINT-2)
Warning: In design 'wb_dma_top', net 'csr[20]' driven by pin 'u1/C5007/Z_20' has no loads. (LINT-2)
Warning: In design 'wb_dma_top', net 'csr[21]' driven by pin 'u1/C5007/Z_21' has no loads. (LINT-2)
Warning: In design 'wb_dma_top', net 'csr[22]' driven by pin 'u1/C5007/Z_22' has no loads. (LINT-2)
Warning: In design 'wb_dma_top', net 'csr[23]' driven by pin 'u1/C5007/Z_23' has no loads. (LINT-2)
Warning: In design 'wb_dma_top', net 'csr[24]' driven by pin 'u1/C5007/Z_24' has no loads. (LINT-2)
Warning: In design 'wb_dma_top', net 'csr[25]' driven by pin 'u1/C5007/Z_25' has no loads. (LINT-2)
Warning: In design 'wb_dma_top', net 'csr[26]' driven by pin 'u1/C5007/Z_26' has no loads. (LINT-2)
Warning: In design 'wb_dma_top', net 'csr[27]' driven by pin 'u1/C5007/Z_27' has no loads. (LINT-2)
Warning: In design 'wb_dma_top', net 'csr[28]' driven by pin 'u1/C5007/Z_28' has no loads. (LINT-2)
Warning: In design 'wb_dma_top', net 'csr[29]' driven by pin 'u1/C5007/Z_29' has no loads. (LINT-2)
Warning: In design 'wb_dma_top', net 'csr[30]' driven by pin 'u1/C5007/Z_30' has no loads. (LINT-2)
Warning: In design 'wb_dma_top', net 'csr[31]' driven by pin 'u1/C5007/Z_31' has no loads. (LINT-2)
Warning: In design 'wb_dma_top', net 'de_fetch_descr' driven by pin 'u2/C1656/Z_0' has no loads. (LINT-2)
Warning: In design 'wb_dma_top', net 'de_adr1[0]' driven by pin 'u2/C1624/Z_0' has no loads. (LINT-2)
Warning: In design 'wb_dma_top', net 'de_adr1[1]' driven by pin 'u2/C1624/Z_1' has no loads. (LINT-2)
Warning: In design 'wb_dma_top', net 'de_adr0[0]' driven by pin 'u2/C1623/Z_0' has no loads. (LINT-2)
Warning: In design 'wb_dma_top', net 'de_adr0[1]' driven by pin 'u2/C1623/Z_1' has no loads. (LINT-2)
Warning: In design 'wb_dma_top', net 'ndnr[1]' driven by pin 'u1/ndnr_reg[1]/Q' has no loads. (LINT-2)
Warning: In design 'wb_dma_top', net 'ndnr[2]' driven by pin 'u1/ndnr_reg[2]/Q' has no loads. (LINT-2)
Warning: In design 'wb_dma_top', net 'ndnr[3]' driven by pin 'u1/ndnr_reg[3]/Q' has no loads. (LINT-2)
Warning: In design 'wb_dma_top', net 'ndnr[4]' driven by pin 'u1/ndnr_reg[4]/Q' has no loads. (LINT-2)
Warning: In design 'wb_dma_top', net 'ndnr[5]' driven by pin 'u1/ndnr_reg[5]/Q' has no loads. (LINT-2)
Warning: In design 'wb_dma_top', net 'ndnr[6]' driven by pin 'u1/ndnr_reg[6]/Q' has no loads. (LINT-2)
Warning: In design 'wb_dma_top', net 'ndnr[7]' driven by pin 'u1/ndnr_reg[7]/Q' has no loads. (LINT-2)
Warning: In design 'wb_dma_top', net 'ndnr[8]' driven by pin 'u1/ndnr_reg[8]/Q' has no loads. (LINT-2)
Warning: In design 'wb_dma_top', net 'ndnr[9]' driven by pin 'u1/ndnr_reg[9]/Q' has no loads. (LINT-2)
Warning: In design 'wb_dma_top', net 'ndnr[10]' driven by pin 'u1/ndnr_reg[10]/Q' has no loads. (LINT-2)
Warning: In design 'wb_dma_top', net 'ndnr[11]' driven by pin 'u1/ndnr_reg[11]/Q' has no loads. (LINT-2)
Warning: In design 'wb_dma_top', net 'ndnr[12]' driven by pin 'u1/ndnr_reg[12]/Q' has no loads. (LINT-2)
Warning: In design 'wb_dma_top', net 'ndnr[13]' driven by pin 'u1/ndnr_reg[13]/Q' has no loads. (LINT-2)
Warning: In design 'wb_dma_top', net 'ndnr[14]' driven by pin 'u1/ndnr_reg[14]/Q' has no loads. (LINT-2)
Warning: In design 'wb_dma_top', net 'ndnr[15]' driven by pin 'u1/ndnr_reg[15]/Q' has no loads. (LINT-2)
Warning: In design 'wb_dma_top', net 'ndnr[16]' driven by pin 'u1/ndnr_reg[16]/Q' has no loads. (LINT-2)
Warning: In design 'wb_dma_top', net 'ndnr[17]' driven by pin 'u1/ndnr_reg[17]/Q' has no loads. (LINT-2)
Warning: In design 'wb_dma_top', net 'ndnr[18]' driven by pin 'u1/ndnr_reg[18]/Q' has no loads. (LINT-2)
Warning: In design 'wb_dma_top', net 'ndnr[19]' driven by pin 'u1/ndnr_reg[19]/Q' has no loads. (LINT-2)
Warning: In design 'wb_dma_top', net 'ndnr[20]' driven by pin 'u1/ndnr_reg[20]/Q' has no loads. (LINT-2)
Warning: In design 'wb_dma_top', net 'ndnr[21]' driven by pin 'u1/ndnr_reg[21]/Q' has no loads. (LINT-2)
Warning: In design 'wb_dma_top', net 'ndnr[22]' driven by pin 'u1/ndnr_reg[22]/Q' has no loads. (LINT-2)
Warning: In design 'wb_dma_top', net 'ndnr[23]' driven by pin 'u1/ndnr_reg[23]/Q' has no loads. (LINT-2)
Warning: In design 'wb_dma_top', net 'ndnr[24]' driven by pin 'u1/ndnr_reg[24]/Q' has no loads. (LINT-2)
Warning: In design 'wb_dma_top', net 'ndnr[25]' driven by pin 'u1/ndnr_reg[25]/Q' has no loads. (LINT-2)
Warning: In design 'wb_dma_top', net 'ndnr[26]' driven by pin 'u1/ndnr_reg[26]/Q' has no loads. (LINT-2)
Warning: In design 'wb_dma_top', net 'ndnr[27]' driven by pin 'u1/ndnr_reg[27]/Q' has no loads. (LINT-2)
Warning: In design 'wb_dma_top', net 'ndnr[28]' driven by pin 'u1/ndnr_reg[28]/Q' has no loads. (LINT-2)
Warning: In design 'wb_dma_top', net 'ndnr[29]' driven by pin 'u1/ndnr_reg[29]/Q' has no loads. (LINT-2)
Warning: In design 'wb_dma_top', net 'ndnr[30]' driven by pin 'u1/ndnr_reg[30]/Q' has no loads. (LINT-2)
Warning: In design 'wb_dma_top', net 'slv0_adr[0]' driven by pin 'u3/u1/slv_adr_reg[0]/Q' has no loads. (LINT-2)
Warning: In design 'wb_dma_top', net 'slv0_adr[1]' driven by pin 'u3/u1/slv_adr_reg[1]/Q' has no loads. (LINT-2)
Warning: In design 'wb_dma_top', net 'slv0_adr[10]' driven by pin 'u3/u1/slv_adr_reg[10]/Q' has no loads. (LINT-2)
Warning: In design 'wb_dma_top', net 'slv0_adr[11]' driven by pin 'u3/u1/slv_adr_reg[11]/Q' has no loads. (LINT-2)
Warning: In design 'wb_dma_top', net 'slv0_adr[12]' driven by pin 'u3/u1/slv_adr_reg[12]/Q' has no loads. (LINT-2)
Warning: In design 'wb_dma_top', net 'slv0_adr[13]' driven by pin 'u3/u1/slv_adr_reg[13]/Q' has no loads. (LINT-2)
Warning: In design 'wb_dma_top', net 'slv0_adr[14]' driven by pin 'u3/u1/slv_adr_reg[14]/Q' has no loads. (LINT-2)
Warning: In design 'wb_dma_top', net 'slv0_adr[15]' driven by pin 'u3/u1/slv_adr_reg[15]/Q' has no loads. (LINT-2)
Warning: In design 'wb_dma_top', net 'slv0_adr[16]' driven by pin 'u3/u1/slv_adr_reg[16]/Q' has no loads. (LINT-2)
Warning: In design 'wb_dma_top', net 'slv0_adr[17]' driven by pin 'u3/u1/slv_adr_reg[17]/Q' has no loads. (LINT-2)
Warning: In design 'wb_dma_top', net 'slv0_adr[18]' driven by pin 'u3/u1/slv_adr_reg[18]/Q' has no loads. (LINT-2)
Warning: In design 'wb_dma_top', net 'slv0_adr[19]' driven by pin 'u3/u1/slv_adr_reg[19]/Q' has no loads. (LINT-2)
Warning: In design 'wb_dma_top', net 'slv0_adr[20]' driven by pin 'u3/u1/slv_adr_reg[20]/Q' has no loads. (LINT-2)
Warning: In design 'wb_dma_top', net 'slv0_adr[21]' driven by pin 'u3/u1/slv_adr_reg[21]/Q' has no loads. (LINT-2)
Warning: In design 'wb_dma_top', net 'slv0_adr[22]' driven by pin 'u3/u1/slv_adr_reg[22]/Q' has no loads. (LINT-2)
Warning: In design 'wb_dma_top', net 'slv0_adr[23]' driven by pin 'u3/u1/slv_adr_reg[23]/Q' has no loads. (LINT-2)
Warning: In design 'wb_dma_top', net 'slv0_adr[24]' driven by pin 'u3/u1/slv_adr_reg[24]/Q' has no loads. (LINT-2)
Warning: In design 'wb_dma_top', net 'slv0_adr[25]' driven by pin 'u3/u1/slv_adr_reg[25]/Q' has no loads. (LINT-2)
Warning: In design 'wb_dma_top', net 'slv0_adr[26]' driven by pin 'u3/u1/slv_adr_reg[26]/Q' has no loads. (LINT-2)
Warning: In design 'wb_dma_top', net 'slv0_adr[27]' driven by pin 'u3/u1/slv_adr_reg[27]/Q' has no loads. (LINT-2)
Warning: In design 'wb_dma_top', net 'slv0_adr[28]' driven by pin 'u3/u1/slv_adr_reg[28]/Q' has no loads. (LINT-2)
Warning: In design 'wb_dma_top', net 'slv0_adr[29]' driven by pin 'u3/u1/slv_adr_reg[29]/Q' has no loads. (LINT-2)
Warning: In design 'wb_dma_top', net 'slv0_adr[30]' driven by pin 'u3/u1/slv_adr_reg[30]/Q' has no loads. (LINT-2)
Warning: In design 'wb_dma_top', net 'slv0_adr[31]' driven by pin 'u3/u1/slv_adr_reg[31]/Q' has no loads. (LINT-2)
Warning: In design 'wb_dma_top', net 'dma_ack[1]' driven by pin 'u1/ack_o_reg[1]/Q' has no loads. (LINT-2)
Warning: In design 'wb_dma_top', net 'dma_ack[2]' driven by pin 'u1/ack_o_reg[2]/Q' has no loads. (LINT-2)
Warning: In design 'wb_dma_top', net 'dma_ack[3]' driven by pin 'u1/ack_o_reg[3]/Q' has no loads. (LINT-2)
Warning: In design 'wb_dma_top', net 'dma_ack[4]' driven by pin 'u1/ack_o_reg[4]/Q' has no loads. (LINT-2)
Warning: In design 'wb_dma_top', net 'dma_ack[5]' driven by pin 'u1/ack_o_reg[5]/Q' has no loads. (LINT-2)
Warning: In design 'wb_dma_top', net 'dma_ack[6]' driven by pin 'u1/ack_o_reg[6]/Q' has no loads. (LINT-2)
Warning: In design 'wb_dma_top', net 'dma_ack[7]' driven by pin 'u1/ack_o_reg[7]/Q' has no loads. (LINT-2)
Warning: In design 'wb_dma_top', net 'dma_ack[8]' driven by pin 'u1/ack_o_reg[8]/Q' has no loads. (LINT-2)
Warning: In design 'wb_dma_top', net 'dma_ack[9]' driven by pin 'u1/ack_o_reg[9]/Q' has no loads. (LINT-2)
Warning: In design 'wb_dma_top', net 'dma_ack[10]' driven by pin 'u1/ack_o_reg[10]/Q' has no loads. (LINT-2)
Warning: In design 'wb_dma_top', net 'dma_ack[11]' driven by pin 'u1/ack_o_reg[11]/Q' has no loads. (LINT-2)
Warning: In design 'wb_dma_top', net 'dma_ack[12]' driven by pin 'u1/ack_o_reg[12]/Q' has no loads. (LINT-2)
Warning: In design 'wb_dma_top', net 'dma_ack[13]' driven by pin 'u1/ack_o_reg[13]/Q' has no loads. (LINT-2)
Warning: In design 'wb_dma_top', net 'dma_ack[14]' driven by pin 'u1/ack_o_reg[14]/Q' has no loads. (LINT-2)
Warning: In design 'wb_dma_top', net 'dma_ack[15]' driven by pin 'u1/ack_o_reg[15]/Q' has no loads. (LINT-2)
Warning: In design 'wb_dma_top', net 'dma_ack[16]' driven by pin 'u1/ack_o_reg[16]/Q' has no loads. (LINT-2)
Warning: In design 'wb_dma_top', net 'dma_ack[17]' driven by pin 'u1/ack_o_reg[17]/Q' has no loads. (LINT-2)
Warning: In design 'wb_dma_top', net 'dma_ack[18]' driven by pin 'u1/ack_o_reg[18]/Q' has no loads. (LINT-2)
Warning: In design 'wb_dma_top', net 'dma_ack[19]' driven by pin 'u1/ack_o_reg[19]/Q' has no loads. (LINT-2)
Warning: In design 'wb_dma_top', net 'dma_ack[20]' driven by pin 'u1/ack_o_reg[20]/Q' has no loads. (LINT-2)
Warning: In design 'wb_dma_top', net 'dma_ack[21]' driven by pin 'u1/ack_o_reg[21]/Q' has no loads. (LINT-2)
Warning: In design 'wb_dma_top', net 'dma_ack[22]' driven by pin 'u1/ack_o_reg[22]/Q' has no loads. (LINT-2)
Warning: In design 'wb_dma_top', net 'dma_ack[23]' driven by pin 'u1/ack_o_reg[23]/Q' has no loads. (LINT-2)
Warning: In design 'wb_dma_top', net 'dma_ack[24]' driven by pin 'u1/ack_o_reg[24]/Q' has no loads. (LINT-2)
Warning: In design 'wb_dma_top', net 'dma_ack[25]' driven by pin 'u1/ack_o_reg[25]/Q' has no loads. (LINT-2)
Warning: In design 'wb_dma_top', net 'dma_ack[26]' driven by pin 'u1/ack_o_reg[26]/Q' has no loads. (LINT-2)
Warning: In design 'wb_dma_top', net 'dma_ack[27]' driven by pin 'u1/ack_o_reg[27]/Q' has no loads. (LINT-2)
Warning: In design 'wb_dma_top', net 'dma_ack[28]' driven by pin 'u1/ack_o_reg[28]/Q' has no loads. (LINT-2)
Warning: In design 'wb_dma_top', net 'dma_ack[29]' driven by pin 'u1/ack_o_reg[29]/Q' has no loads. (LINT-2)
Warning: In design 'wb_dma_top', net 'dma_ack[30]' driven by pin 'u1/ack_o_reg[30]/Q' has no loads. (LINT-2)
Warning: In design 'wb_dma_top', net 'dma_rest[1]' driven by pin 'C89/**logic_0**' has no loads. (LINT-2)
Warning: In design 'wb_dma_top', net 'dma_rest[2]' driven by pin 'C88/**logic_0**' has no loads. (LINT-2)
Warning: In design 'wb_dma_top', net 'dma_rest[3]' driven by pin 'C87/**logic_0**' has no loads. (LINT-2)
Warning: In design 'wb_dma_top', net 'dma_rest[4]' driven by pin 'C86/**logic_0**' has no loads. (LINT-2)
Warning: In design 'wb_dma_top', net 'dma_rest[5]' driven by pin 'C85/**logic_0**' has no loads. (LINT-2)
Warning: In design 'wb_dma_top', net 'dma_rest[6]' driven by pin 'C84/**logic_0**' has no loads. (LINT-2)
Warning: In design 'wb_dma_top', net 'dma_rest[7]' driven by pin 'C83/**logic_0**' has no loads. (LINT-2)
Warning: In design 'wb_dma_top', net 'dma_rest[8]' driven by pin 'C82/**logic_0**' has no loads. (LINT-2)
Warning: In design 'wb_dma_top', net 'dma_rest[9]' driven by pin 'C81/**logic_0**' has no loads. (LINT-2)
Warning: In design 'wb_dma_top', net 'dma_rest[10]' driven by pin 'C80/**logic_0**' has no loads. (LINT-2)
Warning: In design 'wb_dma_top', net 'dma_rest[11]' driven by pin 'C79/**logic_0**' has no loads. (LINT-2)
Warning: In design 'wb_dma_top', net 'dma_rest[12]' driven by pin 'C78/**logic_0**' has no loads. (LINT-2)
Warning: In design 'wb_dma_top', net 'dma_rest[13]' driven by pin 'C77/**logic_0**' has no loads. (LINT-2)
Warning: In design 'wb_dma_top', net 'dma_rest[14]' driven by pin 'C76/**logic_0**' has no loads. (LINT-2)
Warning: In design 'wb_dma_top', net 'dma_rest[15]' driven by pin 'C75/**logic_0**' has no loads. (LINT-2)
Warning: In design 'wb_dma_top', net 'dma_rest[16]' driven by pin 'C74/**logic_0**' has no loads. (LINT-2)
Warning: In design 'wb_dma_top', net 'dma_rest[17]' driven by pin 'C73/**logic_0**' has no loads. (LINT-2)
Warning: In design 'wb_dma_top', net 'dma_rest[18]' driven by pin 'C72/**logic_0**' has no loads. (LINT-2)
Warning: In design 'wb_dma_top', net 'dma_rest[19]' driven by pin 'C71/**logic_0**' has no loads. (LINT-2)
Warning: In design 'wb_dma_top', net 'dma_rest[20]' driven by pin 'C70/**logic_0**' has no loads. (LINT-2)
Warning: In design 'wb_dma_top', net 'dma_rest[21]' driven by pin 'C69/**logic_0**' has no loads. (LINT-2)
Warning: In design 'wb_dma_top', net 'dma_rest[22]' driven by pin 'C68/**logic_0**' has no loads. (LINT-2)
Warning: In design 'wb_dma_top', net 'dma_rest[23]' driven by pin 'C67/**logic_0**' has no loads. (LINT-2)
Warning: In design 'wb_dma_top', net 'dma_rest[24]' driven by pin 'C66/**logic_0**' has no loads. (LINT-2)
Warning: In design 'wb_dma_top', net 'dma_rest[25]' driven by pin 'C65/**logic_0**' has no loads. (LINT-2)
Warning: In design 'wb_dma_top', net 'dma_rest[26]' driven by pin 'C64/**logic_0**' has no loads. (LINT-2)
Warning: In design 'wb_dma_top', net 'dma_rest[27]' driven by pin 'C63/**logic_0**' has no loads. (LINT-2)
Warning: In design 'wb_dma_top', net 'dma_rest[28]' driven by pin 'C62/**logic_0**' has no loads. (LINT-2)
Warning: In design 'wb_dma_top', net 'dma_rest[29]' driven by pin 'C61/**logic_0**' has no loads. (LINT-2)
Warning: In design 'wb_dma_top', net 'dma_rest[30]' driven by pin 'C60/**logic_0**' has no loads. (LINT-2)
Warning: In design 'wb_dma_top', net 'dma_rest_i[0]' driven by pin 'dma_rest_i[0]' has no loads. (LINT-2)
Warning: In design 'wb_dma_top', net 'dma_rest[1]' has no drivers.  Logic 0 assumed. (LINT-3)
Warning: In design 'wb_dma_top', net 'dma_rest[2]' has no drivers.  Logic 0 assumed. (LINT-3)
Warning: In design 'wb_dma_top', net 'dma_rest[3]' has no drivers.  Logic 0 assumed. (LINT-3)
Warning: In design 'wb_dma_top', net 'dma_rest[4]' has no drivers.  Logic 0 assumed. (LINT-3)
Warning: In design 'wb_dma_top', net 'dma_rest[5]' has no drivers.  Logic 0 assumed. (LINT-3)
Warning: In design 'wb_dma_top', net 'dma_rest[6]' has no drivers.  Logic 0 assumed. (LINT-3)
Warning: In design 'wb_dma_top', net 'dma_rest[7]' has no drivers.  Logic 0 assumed. (LINT-3)
Warning: In design 'wb_dma_top', net 'dma_rest[8]' has no drivers.  Logic 0 assumed. (LINT-3)
Warning: In design 'wb_dma_top', net 'dma_rest[9]' has no drivers.  Logic 0 assumed. (LINT-3)
Warning: In design 'wb_dma_top', net 'dma_rest[10]' has no drivers.  Logic 0 assumed. (LINT-3)
Warning: In design 'wb_dma_top', net 'dma_rest[11]' has no drivers.  Logic 0 assumed. (LINT-3)
Warning: In design 'wb_dma_top', net 'dma_rest[12]' has no drivers.  Logic 0 assumed. (LINT-3)
Warning: In design 'wb_dma_top', net 'dma_rest[13]' has no drivers.  Logic 0 assumed. (LINT-3)
Warning: In design 'wb_dma_top', net 'dma_rest[14]' has no drivers.  Logic 0 assumed. (LINT-3)
Warning: In design 'wb_dma_top', net 'dma_rest[15]' has no drivers.  Logic 0 assumed. (LINT-3)
Warning: In design 'wb_dma_top', net 'dma_rest[16]' has no drivers.  Logic 0 assumed. (LINT-3)
Warning: In design 'wb_dma_top', net 'dma_rest[17]' has no drivers.  Logic 0 assumed. (LINT-3)
Warning: In design 'wb_dma_top', net 'dma_rest[18]' has no drivers.  Logic 0 assumed. (LINT-3)
Warning: In design 'wb_dma_top', net 'dma_rest[19]' has no drivers.  Logic 0 assumed. (LINT-3)
Warning: In design 'wb_dma_top', net 'dma_rest[20]' has no drivers.  Logic 0 assumed. (LINT-3)
Warning: In design 'wb_dma_top', net 'dma_rest[21]' has no drivers.  Logic 0 assumed. (LINT-3)
Warning: In design 'wb_dma_top', net 'dma_rest[22]' has no drivers.  Logic 0 assumed. (LINT-3)
Warning: In design 'wb_dma_top', net 'dma_rest[23]' has no drivers.  Logic 0 assumed. (LINT-3)
Warning: In design 'wb_dma_top', net 'dma_rest[24]' has no drivers.  Logic 0 assumed. (LINT-3)
Warning: In design 'wb_dma_top', net 'dma_rest[25]' has no drivers.  Logic 0 assumed. (LINT-3)
Warning: In design 'wb_dma_top', net 'dma_rest[26]' has no drivers.  Logic 0 assumed. (LINT-3)
Warning: In design 'wb_dma_top', net 'dma_rest[27]' has no drivers.  Logic 0 assumed. (LINT-3)
Warning: In design 'wb_dma_top', net 'dma_rest[28]' has no drivers.  Logic 0 assumed. (LINT-3)
Warning: In design 'wb_dma_top', net 'dma_rest[29]' has no drivers.  Logic 0 assumed. (LINT-3)
Warning: In design 'wb_dma_top', net 'dma_rest[30]' has no drivers.  Logic 0 assumed. (LINT-3)
Warning: In design 'wb_dma_top', net 'dma_nd[1]' has no drivers.  Logic 0 assumed. (LINT-3)
Warning: In design 'wb_dma_top', net 'dma_nd[2]' has no drivers.  Logic 0 assumed. (LINT-3)
Warning: In design 'wb_dma_top', net 'dma_nd[3]' has no drivers.  Logic 0 assumed. (LINT-3)
Warning: In design 'wb_dma_top', net 'dma_nd[4]' has no drivers.  Logic 0 assumed. (LINT-3)
Warning: In design 'wb_dma_top', net 'dma_nd[5]' has no drivers.  Logic 0 assumed. (LINT-3)
Warning: In design 'wb_dma_top', net 'dma_nd[6]' has no drivers.  Logic 0 assumed. (LINT-3)
Warning: In design 'wb_dma_top', net 'dma_nd[7]' has no drivers.  Logic 0 assumed. (LINT-3)
Warning: In design 'wb_dma_top', net 'dma_nd[8]' has no drivers.  Logic 0 assumed. (LINT-3)
Warning: In design 'wb_dma_top', net 'dma_nd[9]' has no drivers.  Logic 0 assumed. (LINT-3)
Warning: In design 'wb_dma_top', net 'dma_nd[10]' has no drivers.  Logic 0 assumed. (LINT-3)
Warning: In design 'wb_dma_top', net 'dma_nd[11]' has no drivers.  Logic 0 assumed. (LINT-3)
Warning: In design 'wb_dma_top', net 'dma_nd[12]' has no drivers.  Logic 0 assumed. (LINT-3)
Warning: In design 'wb_dma_top', net 'dma_nd[13]' has no drivers.  Logic 0 assumed. (LINT-3)
Warning: In design 'wb_dma_top', net 'dma_nd[14]' has no drivers.  Logic 0 assumed. (LINT-3)
Warning: In design 'wb_dma_top', net 'dma_nd[15]' has no drivers.  Logic 0 assumed. (LINT-3)
Warning: In design 'wb_dma_top', net 'dma_nd[16]' has no drivers.  Logic 0 assumed. (LINT-3)
Warning: In design 'wb_dma_top', net 'dma_nd[17]' has no drivers.  Logic 0 assumed. (LINT-3)
Warning: In design 'wb_dma_top', net 'dma_nd[18]' has no drivers.  Logic 0 assumed. (LINT-3)
Warning: In design 'wb_dma_top', net 'dma_nd[19]' has no drivers.  Logic 0 assumed. (LINT-3)
Warning: In design 'wb_dma_top', net 'dma_nd[20]' has no drivers.  Logic 0 assumed. (LINT-3)
Warning: In design 'wb_dma_top', net 'dma_nd[21]' has no drivers.  Logic 0 assumed. (LINT-3)
Warning: In design 'wb_dma_top', net 'dma_nd[22]' has no drivers.  Logic 0 assumed. (LINT-3)
Warning: In design 'wb_dma_top', net 'dma_nd[23]' has no drivers.  Logic 0 assumed. (LINT-3)
Warning: In design 'wb_dma_top', net 'dma_nd[24]' has no drivers.  Logic 0 assumed. (LINT-3)
Warning: In design 'wb_dma_top', net 'dma_nd[25]' has no drivers.  Logic 0 assumed. (LINT-3)
Warning: In design 'wb_dma_top', net 'dma_nd[26]' has no drivers.  Logic 0 assumed. (LINT-3)
Warning: In design 'wb_dma_top', net 'dma_nd[27]' has no drivers.  Logic 0 assumed. (LINT-3)
Warning: In design 'wb_dma_top', net 'dma_nd[28]' has no drivers.  Logic 0 assumed. (LINT-3)
Warning: In design 'wb_dma_top', net 'dma_nd[29]' has no drivers.  Logic 0 assumed. (LINT-3)
Warning: In design 'wb_dma_top', net 'dma_nd[30]' has no drivers.  Logic 0 assumed. (LINT-3)
Warning: In design 'wb_dma_top', net 'dma_req[1]' has no drivers.  Logic 0 assumed. (LINT-3)
Warning: In design 'wb_dma_top', net 'dma_req[2]' has no drivers.  Logic 0 assumed. (LINT-3)
Warning: In design 'wb_dma_top', net 'dma_req[3]' has no drivers.  Logic 0 assumed. (LINT-3)
Warning: In design 'wb_dma_top', net 'dma_req[4]' has no drivers.  Logic 0 assumed. (LINT-3)
Warning: In design 'wb_dma_top', net 'dma_req[5]' has no drivers.  Logic 0 assumed. (LINT-3)
Warning: In design 'wb_dma_top', net 'dma_req[6]' has no drivers.  Logic 0 assumed. (LINT-3)
Warning: In design 'wb_dma_top', net 'dma_req[7]' has no drivers.  Logic 0 assumed. (LINT-3)
Warning: In design 'wb_dma_top', net 'dma_req[8]' has no drivers.  Logic 0 assumed. (LINT-3)
Warning: In design 'wb_dma_top', net 'dma_req[9]' has no drivers.  Logic 0 assumed. (LINT-3)
Warning: In design 'wb_dma_top', net 'dma_req[10]' has no drivers.  Logic 0 assumed. (LINT-3)
Warning: In design 'wb_dma_top', net 'dma_req[11]' has no drivers.  Logic 0 assumed. (LINT-3)
Warning: In design 'wb_dma_top', net 'dma_req[12]' has no drivers.  Logic 0 assumed. (LINT-3)
Warning: In design 'wb_dma_top', net 'dma_req[13]' has no drivers.  Logic 0 assumed. (LINT-3)
Warning: In design 'wb_dma_top', net 'dma_req[14]' has no drivers.  Logic 0 assumed. (LINT-3)
Warning: In design 'wb_dma_top', net 'dma_req[15]' has no drivers.  Logic 0 assumed. (LINT-3)
Warning: In design 'wb_dma_top', net 'dma_req[16]' has no drivers.  Logic 0 assumed. (LINT-3)
Warning: In design 'wb_dma_top', net 'dma_req[17]' has no drivers.  Logic 0 assumed. (LINT-3)
Warning: In design 'wb_dma_top', net 'dma_req[18]' has no drivers.  Logic 0 assumed. (LINT-3)
Warning: In design 'wb_dma_top', net 'dma_req[19]' has no drivers.  Logic 0 assumed. (LINT-3)
Warning: In design 'wb_dma_top', net 'dma_req[20]' has no drivers.  Logic 0 assumed. (LINT-3)
Warning: In design 'wb_dma_top', net 'dma_req[21]' has no drivers.  Logic 0 assumed. (LINT-3)
Warning: In design 'wb_dma_top', net 'dma_req[22]' has no drivers.  Logic 0 assumed. (LINT-3)
Warning: In design 'wb_dma_top', net 'dma_req[23]' has no drivers.  Logic 0 assumed. (LINT-3)
Warning: In design 'wb_dma_top', net 'dma_req[24]' has no drivers.  Logic 0 assumed. (LINT-3)
Warning: In design 'wb_dma_top', net 'dma_req[25]' has no drivers.  Logic 0 assumed. (LINT-3)
Warning: In design 'wb_dma_top', net 'dma_req[26]' has no drivers.  Logic 0 assumed. (LINT-3)
Warning: In design 'wb_dma_top', net 'dma_req[27]' has no drivers.  Logic 0 assumed. (LINT-3)
Warning: In design 'wb_dma_top', net 'dma_req[28]' has no drivers.  Logic 0 assumed. (LINT-3)
Warning: In design 'wb_dma_top', net 'dma_req[29]' has no drivers.  Logic 0 assumed. (LINT-3)
Warning: In design 'wb_dma_top', net 'dma_req[30]' has no drivers.  Logic 0 assumed. (LINT-3)
Warning: In design 'wb_dma_top', input port 'dma_rest_i[0]' is unloaded. (LINT-8)
Warning: In design 'wb_dma_top', input pin 'A' of leaf cell 'u1/I_875' is connected to undriven net 'dma_req[1]'.  (LINT-58)
Warning: In design 'wb_dma_top', input pin 'A' of leaf cell 'u1/C5112' is connected to undriven net 'dma_nd[1]'.  (LINT-58)
Warning: In design 'wb_dma_top', input pin 'A' of leaf cell 'u1/I_874' is connected to undriven net 'dma_req[2]'.  (LINT-58)
Warning: In design 'wb_dma_top', input pin 'A' of leaf cell 'u1/C5110' is connected to undriven net 'dma_nd[2]'.  (LINT-58)
Warning: In design 'wb_dma_top', input pin 'A' of leaf cell 'u1/I_873' is connected to undriven net 'dma_req[3]'.  (LINT-58)
Warning: In design 'wb_dma_top', input pin 'A' of leaf cell 'u1/C5108' is connected to undriven net 'dma_nd[3]'.  (LINT-58)
Warning: In design 'wb_dma_top', input pin 'A' of leaf cell 'u1/I_872' is connected to undriven net 'dma_req[4]'.  (LINT-58)
Warning: In design 'wb_dma_top', input pin 'A' of leaf cell 'u1/C5106' is connected to undriven net 'dma_nd[4]'.  (LINT-58)
Warning: In design 'wb_dma_top', input pin 'A' of leaf cell 'u1/I_871' is connected to undriven net 'dma_req[5]'.  (LINT-58)
Warning: In design 'wb_dma_top', input pin 'A' of leaf cell 'u1/C5104' is connected to undriven net 'dma_nd[5]'.  (LINT-58)
Warning: In design 'wb_dma_top', input pin 'A' of leaf cell 'u1/I_870' is connected to undriven net 'dma_req[6]'.  (LINT-58)
Warning: In design 'wb_dma_top', input pin 'A' of leaf cell 'u1/C5102' is connected to undriven net 'dma_nd[6]'.  (LINT-58)
Warning: In design 'wb_dma_top', input pin 'A' of leaf cell 'u1/I_869' is connected to undriven net 'dma_req[7]'.  (LINT-58)
Warning: In design 'wb_dma_top', input pin 'A' of leaf cell 'u1/C5100' is connected to undriven net 'dma_nd[7]'.  (LINT-58)
Warning: In design 'wb_dma_top', input pin 'A' of leaf cell 'u1/I_868' is connected to undriven net 'dma_req[8]'.  (LINT-58)
Warning: In design 'wb_dma_top', input pin 'A' of leaf cell 'u1/C5098' is connected to undriven net 'dma_nd[8]'.  (LINT-58)
Warning: In design 'wb_dma_top', input pin 'A' of leaf cell 'u1/I_867' is connected to undriven net 'dma_req[9]'.  (LINT-58)
Warning: In design 'wb_dma_top', input pin 'A' of leaf cell 'u1/C5096' is connected to undriven net 'dma_nd[9]'.  (LINT-58)
Warning: In design 'wb_dma_top', input pin 'A' of leaf cell 'u1/I_866' is connected to undriven net 'dma_req[10]'.  (LINT-58)
Warning: In design 'wb_dma_top', input pin 'A' of leaf cell 'u1/C5094' is connected to undriven net 'dma_nd[10]'.  (LINT-58)
Warning: In design 'wb_dma_top', input pin 'A' of leaf cell 'u1/I_865' is connected to undriven net 'dma_req[11]'.  (LINT-58)
Warning: In design 'wb_dma_top', input pin 'A' of leaf cell 'u1/C5092' is connected to undriven net 'dma_nd[11]'.  (LINT-58)
Warning: In design 'wb_dma_top', input pin 'A' of leaf cell 'u1/I_864' is connected to undriven net 'dma_req[12]'.  (LINT-58)
Warning: In design 'wb_dma_top', input pin 'A' of leaf cell 'u1/C5090' is connected to undriven net 'dma_nd[12]'.  (LINT-58)
Warning: In design 'wb_dma_top', input pin 'A' of leaf cell 'u1/I_863' is connected to undriven net 'dma_req[13]'.  (LINT-58)
Warning: In design 'wb_dma_top', input pin 'A' of leaf cell 'u1/C5088' is connected to undriven net 'dma_nd[13]'.  (LINT-58)
Warning: In design 'wb_dma_top', input pin 'A' of leaf cell 'u1/I_862' is connected to undriven net 'dma_req[14]'.  (LINT-58)
Warning: In design 'wb_dma_top', input pin 'A' of leaf cell 'u1/C5086' is connected to undriven net 'dma_nd[14]'.  (LINT-58)
Warning: In design 'wb_dma_top', input pin 'A' of leaf cell 'u1/I_861' is connected to undriven net 'dma_req[15]'.  (LINT-58)
Warning: In design 'wb_dma_top', input pin 'A' of leaf cell 'u1/C5084' is connected to undriven net 'dma_nd[15]'.  (LINT-58)
Warning: In design 'wb_dma_top', input pin 'A' of leaf cell 'u1/I_860' is connected to undriven net 'dma_req[16]'.  (LINT-58)
Warning: In design 'wb_dma_top', input pin 'A' of leaf cell 'u1/C5082' is connected to undriven net 'dma_nd[16]'.  (LINT-58)
Warning: In design 'wb_dma_top', input pin 'A' of leaf cell 'u1/I_859' is connected to undriven net 'dma_req[17]'.  (LINT-58)
Warning: In design 'wb_dma_top', input pin 'A' of leaf cell 'u1/C5080' is connected to undriven net 'dma_nd[17]'.  (LINT-58)
Warning: In design 'wb_dma_top', input pin 'A' of leaf cell 'u1/I_858' is connected to undriven net 'dma_req[18]'.  (LINT-58)
Warning: In design 'wb_dma_top', input pin 'A' of leaf cell 'u1/C5078' is connected to undriven net 'dma_nd[18]'.  (LINT-58)
Warning: In design 'wb_dma_top', input pin 'A' of leaf cell 'u1/I_857' is connected to undriven net 'dma_req[19]'.  (LINT-58)
Warning: In design 'wb_dma_top', input pin 'A' of leaf cell 'u1/C5076' is connected to undriven net 'dma_nd[19]'.  (LINT-58)
Warning: In design 'wb_dma_top', input pin 'A' of leaf cell 'u1/I_856' is connected to undriven net 'dma_req[20]'.  (LINT-58)
Warning: In design 'wb_dma_top', input pin 'A' of leaf cell 'u1/C5074' is connected to undriven net 'dma_nd[20]'.  (LINT-58)
Warning: In design 'wb_dma_top', input pin 'A' of leaf cell 'u1/I_855' is connected to undriven net 'dma_req[21]'.  (LINT-58)
Warning: In design 'wb_dma_top', input pin 'A' of leaf cell 'u1/C5072' is connected to undriven net 'dma_nd[21]'.  (LINT-58)
Warning: In design 'wb_dma_top', input pin 'A' of leaf cell 'u1/I_854' is connected to undriven net 'dma_req[22]'.  (LINT-58)
Warning: In design 'wb_dma_top', input pin 'A' of leaf cell 'u1/C5070' is connected to undriven net 'dma_nd[22]'.  (LINT-58)
Warning: In design 'wb_dma_top', input pin 'A' of leaf cell 'u1/I_853' is connected to undriven net 'dma_req[23]'.  (LINT-58)
Warning: In design 'wb_dma_top', input pin 'A' of leaf cell 'u1/C5068' is connected to undriven net 'dma_nd[23]'.  (LINT-58)
Warning: In design 'wb_dma_top', input pin 'A' of leaf cell 'u1/I_852' is connected to undriven net 'dma_req[24]'.  (LINT-58)
Warning: In design 'wb_dma_top', input pin 'A' of leaf cell 'u1/C5066' is connected to undriven net 'dma_nd[24]'.  (LINT-58)
Warning: In design 'wb_dma_top', input pin 'A' of leaf cell 'u1/I_851' is connected to undriven net 'dma_req[25]'.  (LINT-58)
Warning: In design 'wb_dma_top', input pin 'A' of leaf cell 'u1/C5064' is connected to undriven net 'dma_nd[25]'.  (LINT-58)
Warning: In design 'wb_dma_top', input pin 'A' of leaf cell 'u1/I_850' is connected to undriven net 'dma_req[26]'.  (LINT-58)
Warning: In design 'wb_dma_top', input pin 'A' of leaf cell 'u1/C5062' is connected to undriven net 'dma_nd[26]'.  (LINT-58)
Warning: In design 'wb_dma_top', input pin 'A' of leaf cell 'u1/I_849' is connected to undriven net 'dma_req[27]'.  (LINT-58)
Warning: In design 'wb_dma_top', input pin 'A' of leaf cell 'u1/C5060' is connected to undriven net 'dma_nd[27]'.  (LINT-58)
Warning: In design 'wb_dma_top', input pin 'A' of leaf cell 'u1/I_848' is connected to undriven net 'dma_req[28]'.  (LINT-58)
Warning: In design 'wb_dma_top', input pin 'A' of leaf cell 'u1/C5058' is connected to undriven net 'dma_nd[28]'.  (LINT-58)
Warning: In design 'wb_dma_top', input pin 'A' of leaf cell 'u1/I_847' is connected to undriven net 'dma_req[29]'.  (LINT-58)
Warning: In design 'wb_dma_top', input pin 'A' of leaf cell 'u1/C5056' is connected to undriven net 'dma_nd[29]'.  (LINT-58)
Warning: In design 'wb_dma_top', input pin 'A' of leaf cell 'u1/I_846' is connected to undriven net 'dma_req[30]'.  (LINT-58)
Warning: In design 'wb_dma_top', input pin 'A' of leaf cell 'u1/C5054' is connected to undriven net 'dma_nd[30]'.  (LINT-58)
Warning: In design 'wb_dma_top', input pin 'A' of leaf cell 'u1/C5052' is connected to undriven net 'dma_nd[1]'.  (LINT-58)
Warning: In design 'wb_dma_top', input pin 'B' of leaf cell 'u1/C5052' is connected to undriven net 'dma_req[1]'.  (LINT-58)
Warning: In design 'wb_dma_top', input pin 'A' of leaf cell 'u1/C5051' is connected to undriven net 'dma_nd[2]'.  (LINT-58)
Warning: In design 'wb_dma_top', input pin 'B' of leaf cell 'u1/C5051' is connected to undriven net 'dma_req[2]'.  (LINT-58)
Warning: In design 'wb_dma_top', input pin 'A' of leaf cell 'u1/C5050' is connected to undriven net 'dma_nd[3]'.  (LINT-58)
Warning: In design 'wb_dma_top', input pin 'B' of leaf cell 'u1/C5050' is connected to undriven net 'dma_req[3]'.  (LINT-58)
Warning: In design 'wb_dma_top', input pin 'A' of leaf cell 'u1/C5049' is connected to undriven net 'dma_nd[4]'.  (LINT-58)
Warning: In design 'wb_dma_top', input pin 'B' of leaf cell 'u1/C5049' is connected to undriven net 'dma_req[4]'.  (LINT-58)
Warning: In design 'wb_dma_top', input pin 'A' of leaf cell 'u1/C5048' is connected to undriven net 'dma_nd[5]'.  (LINT-58)
Warning: In design 'wb_dma_top', input pin 'B' of leaf cell 'u1/C5048' is connected to undriven net 'dma_req[5]'.  (LINT-58)
Warning: In design 'wb_dma_top', input pin 'A' of leaf cell 'u1/C5047' is connected to undriven net 'dma_nd[6]'.  (LINT-58)
Warning: In design 'wb_dma_top', input pin 'B' of leaf cell 'u1/C5047' is connected to undriven net 'dma_req[6]'.  (LINT-58)
Warning: In design 'wb_dma_top', input pin 'A' of leaf cell 'u1/C5046' is connected to undriven net 'dma_nd[7]'.  (LINT-58)
Warning: In design 'wb_dma_top', input pin 'B' of leaf cell 'u1/C5046' is connected to undriven net 'dma_req[7]'.  (LINT-58)
Warning: In design 'wb_dma_top', input pin 'A' of leaf cell 'u1/C5045' is connected to undriven net 'dma_nd[8]'.  (LINT-58)
Warning: In design 'wb_dma_top', input pin 'B' of leaf cell 'u1/C5045' is connected to undriven net 'dma_req[8]'.  (LINT-58)
Warning: In design 'wb_dma_top', input pin 'A' of leaf cell 'u1/C5044' is connected to undriven net 'dma_nd[9]'.  (LINT-58)
Warning: In design 'wb_dma_top', input pin 'B' of leaf cell 'u1/C5044' is connected to undriven net 'dma_req[9]'.  (LINT-58)
Warning: In design 'wb_dma_top', input pin 'A' of leaf cell 'u1/C5043' is connected to undriven net 'dma_nd[10]'.  (LINT-58)
Warning: In design 'wb_dma_top', input pin 'B' of leaf cell 'u1/C5043' is connected to undriven net 'dma_req[10]'.  (LINT-58)
Warning: In design 'wb_dma_top', input pin 'A' of leaf cell 'u1/C5042' is connected to undriven net 'dma_nd[11]'.  (LINT-58)
Warning: In design 'wb_dma_top', input pin 'B' of leaf cell 'u1/C5042' is connected to undriven net 'dma_req[11]'.  (LINT-58)
Warning: In design 'wb_dma_top', input pin 'A' of leaf cell 'u1/C5041' is connected to undriven net 'dma_nd[12]'.  (LINT-58)
Warning: In design 'wb_dma_top', input pin 'B' of leaf cell 'u1/C5041' is connected to undriven net 'dma_req[12]'.  (LINT-58)
Warning: In design 'wb_dma_top', input pin 'A' of leaf cell 'u1/C5040' is connected to undriven net 'dma_nd[13]'.  (LINT-58)
Warning: In design 'wb_dma_top', input pin 'B' of leaf cell 'u1/C5040' is connected to undriven net 'dma_req[13]'.  (LINT-58)
Warning: In design 'wb_dma_top', input pin 'A' of leaf cell 'u1/C5039' is connected to undriven net 'dma_nd[14]'.  (LINT-58)
Warning: In design 'wb_dma_top', input pin 'B' of leaf cell 'u1/C5039' is connected to undriven net 'dma_req[14]'.  (LINT-58)
Warning: In design 'wb_dma_top', input pin 'A' of leaf cell 'u1/C5038' is connected to undriven net 'dma_nd[15]'.  (LINT-58)
Warning: In design 'wb_dma_top', input pin 'B' of leaf cell 'u1/C5038' is connected to undriven net 'dma_req[15]'.  (LINT-58)
Warning: In design 'wb_dma_top', input pin 'A' of leaf cell 'u1/C5037' is connected to undriven net 'dma_nd[16]'.  (LINT-58)
Warning: In design 'wb_dma_top', input pin 'B' of leaf cell 'u1/C5037' is connected to undriven net 'dma_req[16]'.  (LINT-58)
Warning: In design 'wb_dma_top', input pin 'A' of leaf cell 'u1/C5036' is connected to undriven net 'dma_nd[17]'.  (LINT-58)
Warning: In design 'wb_dma_top', input pin 'B' of leaf cell 'u1/C5036' is connected to undriven net 'dma_req[17]'.  (LINT-58)
Warning: In design 'wb_dma_top', input pin 'A' of leaf cell 'u1/C5035' is connected to undriven net 'dma_nd[18]'.  (LINT-58)
Warning: In design 'wb_dma_top', input pin 'B' of leaf cell 'u1/C5035' is connected to undriven net 'dma_req[18]'.  (LINT-58)
Warning: In design 'wb_dma_top', input pin 'A' of leaf cell 'u1/C5034' is connected to undriven net 'dma_nd[19]'.  (LINT-58)
Warning: In design 'wb_dma_top', input pin 'B' of leaf cell 'u1/C5034' is connected to undriven net 'dma_req[19]'.  (LINT-58)
Warning: In design 'wb_dma_top', input pin 'A' of leaf cell 'u1/C5033' is connected to undriven net 'dma_nd[20]'.  (LINT-58)
Warning: In design 'wb_dma_top', input pin 'B' of leaf cell 'u1/C5033' is connected to undriven net 'dma_req[20]'.  (LINT-58)
Warning: In design 'wb_dma_top', input pin 'A' of leaf cell 'u1/C5032' is connected to undriven net 'dma_nd[21]'.  (LINT-58)
Warning: In design 'wb_dma_top', input pin 'B' of leaf cell 'u1/C5032' is connected to undriven net 'dma_req[21]'.  (LINT-58)
Warning: In design 'wb_dma_top', input pin 'A' of leaf cell 'u1/C5031' is connected to undriven net 'dma_nd[22]'.  (LINT-58)
Warning: In design 'wb_dma_top', input pin 'B' of leaf cell 'u1/C5031' is connected to undriven net 'dma_req[22]'.  (LINT-58)
Warning: In design 'wb_dma_top', input pin 'A' of leaf cell 'u1/C5030' is connected to undriven net 'dma_nd[23]'.  (LINT-58)
Warning: In design 'wb_dma_top', input pin 'B' of leaf cell 'u1/C5030' is connected to undriven net 'dma_req[23]'.  (LINT-58)
Warning: In design 'wb_dma_top', input pin 'A' of leaf cell 'u1/C5029' is connected to undriven net 'dma_nd[24]'.  (LINT-58)
Warning: In design 'wb_dma_top', input pin 'B' of leaf cell 'u1/C5029' is connected to undriven net 'dma_req[24]'.  (LINT-58)
Warning: In design 'wb_dma_top', input pin 'A' of leaf cell 'u1/C5028' is connected to undriven net 'dma_nd[25]'.  (LINT-58)
Warning: In design 'wb_dma_top', input pin 'B' of leaf cell 'u1/C5028' is connected to undriven net 'dma_req[25]'.  (LINT-58)
Warning: In design 'wb_dma_top', input pin 'A' of leaf cell 'u1/C5027' is connected to undriven net 'dma_nd[26]'.  (LINT-58)
Warning: In design 'wb_dma_top', input pin 'B' of leaf cell 'u1/C5027' is connected to undriven net 'dma_req[26]'.  (LINT-58)
Warning: In design 'wb_dma_top', input pin 'A' of leaf cell 'u1/C5026' is connected to undriven net 'dma_nd[27]'.  (LINT-58)
Warning: In design 'wb_dma_top', input pin 'B' of leaf cell 'u1/C5026' is connected to undriven net 'dma_req[27]'.  (LINT-58)
Warning: In design 'wb_dma_top', input pin 'A' of leaf cell 'u1/C5025' is connected to undriven net 'dma_nd[28]'.  (LINT-58)
Warning: In design 'wb_dma_top', input pin 'B' of leaf cell 'u1/C5025' is connected to undriven net 'dma_req[28]'.  (LINT-58)
Warning: In design 'wb_dma_top', input pin 'A' of leaf cell 'u1/C5024' is connected to undriven net 'dma_nd[29]'.  (LINT-58)
Warning: In design 'wb_dma_top', input pin 'B' of leaf cell 'u1/C5024' is connected to undriven net 'dma_req[29]'.  (LINT-58)
Warning: In design 'wb_dma_top', input pin 'A' of leaf cell 'u1/C5023' is connected to undriven net 'dma_nd[30]'.  (LINT-58)
Warning: In design 'wb_dma_top', input pin 'B' of leaf cell 'u1/C5023' is connected to undriven net 'dma_req[30]'.  (LINT-58)
1
