 
****************************************
check_design summary:
Version:     W-2024.09-SP4-1
Date:        Tue Apr 29 11:14:01 2025
****************************************

                   Name                                            Total
--------------------------------------------------------------------------------
Inputs/Outputs                                                    224
    Unconnected ports (LINT-28)                                   136
    Feedthrough (LINT-29)                                          28
    Shorted outputs (LINT-31)                                      28
    Constant outputs (LINT-52)                                     32

Cells                                                              21
    Cells do not drive (LINT-1)                                    12
    Nets connected to multiple pins on same cell (LINT-33)          9
--------------------------------------------------------------------------------

Warning: In design 'ac97_soc', cell 'C241' does not drive any nets. (LINT-1)
Warning: In design 'ac97_soc', cell 'C261' does not drive any nets. (LINT-1)
Warning: In design 'ac97_soc', cell 'C277' does not drive any nets. (LINT-1)
Warning: In design 'ac97_out_fifo', cell 'C478' does not drive any nets. (LINT-1)
Warning: In design 'ac97_out_fifo', cell 'C482' does not drive any nets. (LINT-1)
Warning: In design 'ac97_in_fifo', cell 'B_9' does not drive any nets. (LINT-1)
Warning: In design 'ac97_in_fifo', cell 'B_10' does not drive any nets. (LINT-1)
Warning: In design 'ac97_in_fifo', cell 'C453' does not drive any nets. (LINT-1)
Warning: In design 'ac97_int', cell 'C87' does not drive any nets. (LINT-1)
Warning: In design 'ac97_rst', cell 'C122' does not drive any nets. (LINT-1)
Warning: In design 'ac97_rst', cell 'C129' does not drive any nets. (LINT-1)
Warning: In design 'ac97_dma_req', cell 'B_6' does not drive any nets. (LINT-1)
Warning: In design 'ac97_sout', port 'rst' is not connected to any nets. (LINT-28)
Warning: In design 'ac97_sin', port 'rst' is not connected to any nets. (LINT-28)
Warning: In design 'ac97_out_fifo', port 'rst' is not connected to any nets. (LINT-28)
Warning: In design 'ac97_in_fifo', port 'rst' is not connected to any nets. (LINT-28)
Warning: In design 'ac97_wb_if', port 'rst' is not connected to any nets. (LINT-28)
Warning: In design 'ac97_wb_if', port 'wb_addr_i[28]' is not connected to any nets. (LINT-28)
Warning: In design 'ac97_wb_if', port 'wb_addr_i[27]' is not connected to any nets. (LINT-28)
Warning: In design 'ac97_wb_if', port 'wb_addr_i[26]' is not connected to any nets. (LINT-28)
Warning: In design 'ac97_wb_if', port 'wb_addr_i[25]' is not connected to any nets. (LINT-28)
Warning: In design 'ac97_wb_if', port 'wb_addr_i[24]' is not connected to any nets. (LINT-28)
Warning: In design 'ac97_wb_if', port 'wb_addr_i[23]' is not connected to any nets. (LINT-28)
Warning: In design 'ac97_wb_if', port 'wb_addr_i[22]' is not connected to any nets. (LINT-28)
Warning: In design 'ac97_wb_if', port 'wb_addr_i[21]' is not connected to any nets. (LINT-28)
Warning: In design 'ac97_wb_if', port 'wb_addr_i[20]' is not connected to any nets. (LINT-28)
Warning: In design 'ac97_wb_if', port 'wb_addr_i[19]' is not connected to any nets. (LINT-28)
Warning: In design 'ac97_wb_if', port 'wb_addr_i[18]' is not connected to any nets. (LINT-28)
Warning: In design 'ac97_wb_if', port 'wb_addr_i[17]' is not connected to any nets. (LINT-28)
Warning: In design 'ac97_wb_if', port 'wb_addr_i[16]' is not connected to any nets. (LINT-28)
Warning: In design 'ac97_wb_if', port 'wb_addr_i[15]' is not connected to any nets. (LINT-28)
Warning: In design 'ac97_wb_if', port 'wb_addr_i[14]' is not connected to any nets. (LINT-28)
Warning: In design 'ac97_wb_if', port 'wb_addr_i[13]' is not connected to any nets. (LINT-28)
Warning: In design 'ac97_wb_if', port 'wb_addr_i[12]' is not connected to any nets. (LINT-28)
Warning: In design 'ac97_wb_if', port 'wb_addr_i[11]' is not connected to any nets. (LINT-28)
Warning: In design 'ac97_wb_if', port 'wb_addr_i[10]' is not connected to any nets. (LINT-28)
Warning: In design 'ac97_wb_if', port 'wb_addr_i[9]' is not connected to any nets. (LINT-28)
Warning: In design 'ac97_wb_if', port 'wb_addr_i[8]' is not connected to any nets. (LINT-28)
Warning: In design 'ac97_wb_if', port 'wb_addr_i[7]' is not connected to any nets. (LINT-28)
Warning: In design 'ac97_wb_if', port 'wb_addr_i[1]' is not connected to any nets. (LINT-28)
Warning: In design 'ac97_wb_if', port 'wb_addr_i[0]' is not connected to any nets. (LINT-28)
Warning: In design 'ac97_wb_if', port 'wb_sel_i[3]' is not connected to any nets. (LINT-28)
Warning: In design 'ac97_wb_if', port 'wb_sel_i[2]' is not connected to any nets. (LINT-28)
Warning: In design 'ac97_wb_if', port 'wb_sel_i[1]' is not connected to any nets. (LINT-28)
Warning: In design 'ac97_wb_if', port 'wb_sel_i[0]' is not connected to any nets. (LINT-28)
Warning: In design 'ac97_rf', port 'adr[3]' is not connected to any nets. (LINT-28)
Warning: In design 'ac97_prc', port 'rst' is not connected to any nets. (LINT-28)
Warning: In design 'ac97_prc', port 'in_slt0[14]' is not connected to any nets. (LINT-28)
Warning: In design 'ac97_prc', port 'in_slt0[13]' is not connected to any nets. (LINT-28)
Warning: In design 'ac97_prc', port 'in_slt0[10]' is not connected to any nets. (LINT-28)
Warning: In design 'ac97_prc', port 'in_slt0[8]' is not connected to any nets. (LINT-28)
Warning: In design 'ac97_prc', port 'in_slt0[7]' is not connected to any nets. (LINT-28)
Warning: In design 'ac97_prc', port 'in_slt0[6]' is not connected to any nets. (LINT-28)
Warning: In design 'ac97_prc', port 'in_slt0[5]' is not connected to any nets. (LINT-28)
Warning: In design 'ac97_prc', port 'in_slt0[4]' is not connected to any nets. (LINT-28)
Warning: In design 'ac97_prc', port 'in_slt0[3]' is not connected to any nets. (LINT-28)
Warning: In design 'ac97_prc', port 'in_slt0[2]' is not connected to any nets. (LINT-28)
Warning: In design 'ac97_prc', port 'in_slt0[1]' is not connected to any nets. (LINT-28)
Warning: In design 'ac97_prc', port 'in_slt0[0]' is not connected to any nets. (LINT-28)
Warning: In design 'ac97_prc', port 'in_slt1[19]' is not connected to any nets. (LINT-28)
Warning: In design 'ac97_prc', port 'in_slt1[18]' is not connected to any nets. (LINT-28)
Warning: In design 'ac97_prc', port 'in_slt1[17]' is not connected to any nets. (LINT-28)
Warning: In design 'ac97_prc', port 'in_slt1[16]' is not connected to any nets. (LINT-28)
Warning: In design 'ac97_prc', port 'in_slt1[15]' is not connected to any nets. (LINT-28)
Warning: In design 'ac97_prc', port 'in_slt1[14]' is not connected to any nets. (LINT-28)
Warning: In design 'ac97_prc', port 'in_slt1[13]' is not connected to any nets. (LINT-28)
Warning: In design 'ac97_prc', port 'in_slt1[12]' is not connected to any nets. (LINT-28)
Warning: In design 'ac97_prc', port 'in_slt1[9]' is not connected to any nets. (LINT-28)
Warning: In design 'ac97_prc', port 'in_slt1[4]' is not connected to any nets. (LINT-28)
Warning: In design 'ac97_prc', port 'in_slt1[3]' is not connected to any nets. (LINT-28)
Warning: In design 'ac97_prc', port 'in_slt1[2]' is not connected to any nets. (LINT-28)
Warning: In design 'ac97_prc', port 'in_slt1[1]' is not connected to any nets. (LINT-28)
Warning: In design 'ac97_prc', port 'in_slt1[0]' is not connected to any nets. (LINT-28)
Warning: In design 'ac97_prc', port 'oc0_cfg[7]' is not connected to any nets. (LINT-28)
Warning: In design 'ac97_prc', port 'oc0_cfg[6]' is not connected to any nets. (LINT-28)
Warning: In design 'ac97_prc', port 'oc0_cfg[5]' is not connected to any nets. (LINT-28)
Warning: In design 'ac97_prc', port 'oc0_cfg[4]' is not connected to any nets. (LINT-28)
Warning: In design 'ac97_prc', port 'oc0_cfg[3]' is not connected to any nets. (LINT-28)
Warning: In design 'ac97_prc', port 'oc0_cfg[2]' is not connected to any nets. (LINT-28)
Warning: In design 'ac97_prc', port 'oc1_cfg[7]' is not connected to any nets. (LINT-28)
Warning: In design 'ac97_prc', port 'oc1_cfg[6]' is not connected to any nets. (LINT-28)
Warning: In design 'ac97_prc', port 'oc1_cfg[5]' is not connected to any nets. (LINT-28)
Warning: In design 'ac97_prc', port 'oc1_cfg[4]' is not connected to any nets. (LINT-28)
Warning: In design 'ac97_prc', port 'oc1_cfg[3]' is not connected to any nets. (LINT-28)
Warning: In design 'ac97_prc', port 'oc1_cfg[2]' is not connected to any nets. (LINT-28)
Warning: In design 'ac97_prc', port 'oc2_cfg[7]' is not connected to any nets. (LINT-28)
Warning: In design 'ac97_prc', port 'oc2_cfg[6]' is not connected to any nets. (LINT-28)
Warning: In design 'ac97_prc', port 'oc2_cfg[5]' is not connected to any nets. (LINT-28)
Warning: In design 'ac97_prc', port 'oc2_cfg[4]' is not connected to any nets. (LINT-28)
Warning: In design 'ac97_prc', port 'oc2_cfg[3]' is not connected to any nets. (LINT-28)
Warning: In design 'ac97_prc', port 'oc2_cfg[2]' is not connected to any nets. (LINT-28)
Warning: In design 'ac97_prc', port 'oc3_cfg[7]' is not connected to any nets. (LINT-28)
Warning: In design 'ac97_prc', port 'oc3_cfg[6]' is not connected to any nets. (LINT-28)
Warning: In design 'ac97_prc', port 'oc3_cfg[5]' is not connected to any nets. (LINT-28)
Warning: In design 'ac97_prc', port 'oc3_cfg[4]' is not connected to any nets. (LINT-28)
Warning: In design 'ac97_prc', port 'oc3_cfg[3]' is not connected to any nets. (LINT-28)
Warning: In design 'ac97_prc', port 'oc3_cfg[2]' is not connected to any nets. (LINT-28)
Warning: In design 'ac97_prc', port 'oc4_cfg[7]' is not connected to any nets. (LINT-28)
Warning: In design 'ac97_prc', port 'oc4_cfg[6]' is not connected to any nets. (LINT-28)
Warning: In design 'ac97_prc', port 'oc4_cfg[5]' is not connected to any nets. (LINT-28)
Warning: In design 'ac97_prc', port 'oc4_cfg[4]' is not connected to any nets. (LINT-28)
Warning: In design 'ac97_prc', port 'oc4_cfg[3]' is not connected to any nets. (LINT-28)
Warning: In design 'ac97_prc', port 'oc4_cfg[2]' is not connected to any nets. (LINT-28)
Warning: In design 'ac97_prc', port 'oc5_cfg[7]' is not connected to any nets. (LINT-28)
Warning: In design 'ac97_prc', port 'oc5_cfg[6]' is not connected to any nets. (LINT-28)
Warning: In design 'ac97_prc', port 'oc5_cfg[5]' is not connected to any nets. (LINT-28)
Warning: In design 'ac97_prc', port 'oc5_cfg[4]' is not connected to any nets. (LINT-28)
Warning: In design 'ac97_prc', port 'oc5_cfg[3]' is not connected to any nets. (LINT-28)
Warning: In design 'ac97_prc', port 'oc5_cfg[2]' is not connected to any nets. (LINT-28)
Warning: In design 'ac97_prc', port 'ic0_cfg[7]' is not connected to any nets. (LINT-28)
Warning: In design 'ac97_prc', port 'ic0_cfg[6]' is not connected to any nets. (LINT-28)
Warning: In design 'ac97_prc', port 'ic0_cfg[5]' is not connected to any nets. (LINT-28)
Warning: In design 'ac97_prc', port 'ic0_cfg[4]' is not connected to any nets. (LINT-28)
Warning: In design 'ac97_prc', port 'ic0_cfg[3]' is not connected to any nets. (LINT-28)
Warning: In design 'ac97_prc', port 'ic0_cfg[2]' is not connected to any nets. (LINT-28)
Warning: In design 'ac97_prc', port 'ic1_cfg[7]' is not connected to any nets. (LINT-28)
Warning: In design 'ac97_prc', port 'ic1_cfg[6]' is not connected to any nets. (LINT-28)
Warning: In design 'ac97_prc', port 'ic1_cfg[5]' is not connected to any nets. (LINT-28)
Warning: In design 'ac97_prc', port 'ic1_cfg[4]' is not connected to any nets. (LINT-28)
Warning: In design 'ac97_prc', port 'ic1_cfg[3]' is not connected to any nets. (LINT-28)
Warning: In design 'ac97_prc', port 'ic1_cfg[2]' is not connected to any nets. (LINT-28)
Warning: In design 'ac97_prc', port 'ic2_cfg[7]' is not connected to any nets. (LINT-28)
Warning: In design 'ac97_prc', port 'ic2_cfg[6]' is not connected to any nets. (LINT-28)
Warning: In design 'ac97_prc', port 'ic2_cfg[5]' is not connected to any nets. (LINT-28)
Warning: In design 'ac97_prc', port 'ic2_cfg[4]' is not connected to any nets. (LINT-28)
Warning: In design 'ac97_prc', port 'ic2_cfg[3]' is not connected to any nets. (LINT-28)
Warning: In design 'ac97_prc', port 'ic2_cfg[2]' is not connected to any nets. (LINT-28)
Warning: In design 'ac97_cra', port 'crac_out[30]' is not connected to any nets. (LINT-28)
Warning: In design 'ac97_cra', port 'crac_out[29]' is not connected to any nets. (LINT-28)
Warning: In design 'ac97_cra', port 'crac_out[28]' is not connected to any nets. (LINT-28)
Warning: In design 'ac97_cra', port 'crac_out[27]' is not connected to any nets. (LINT-28)
Warning: In design 'ac97_cra', port 'crac_out[26]' is not connected to any nets. (LINT-28)
Warning: In design 'ac97_cra', port 'crac_out[25]' is not connected to any nets. (LINT-28)
Warning: In design 'ac97_cra', port 'crac_out[24]' is not connected to any nets. (LINT-28)
Warning: In design 'ac97_cra', port 'crac_out[23]' is not connected to any nets. (LINT-28)
Warning: In design 'ac97_cra', port 'in_slt2[3]' is not connected to any nets. (LINT-28)
Warning: In design 'ac97_cra', port 'in_slt2[2]' is not connected to any nets. (LINT-28)
Warning: In design 'ac97_cra', port 'in_slt2[1]' is not connected to any nets. (LINT-28)
Warning: In design 'ac97_cra', port 'in_slt2[0]' is not connected to any nets. (LINT-28)
Warning: In design 'ac97_int', port 'cfg[7]' is not connected to any nets. (LINT-28)
Warning: In design 'ac97_int', port 'cfg[6]' is not connected to any nets. (LINT-28)
Warning: In design 'ac97_int', port 'cfg[3]' is not connected to any nets. (LINT-28)
Warning: In design 'ac97_int', port 'cfg[2]' is not connected to any nets. (LINT-28)
Warning: In design 'ac97_int', port 'cfg[1]' is not connected to any nets. (LINT-28)
Warning: In design 'ac97_dma_req', port 'cfg[7]' is not connected to any nets. (LINT-28)
Warning: In design 'ac97_dma_req', port 'cfg[3]' is not connected to any nets. (LINT-28)
Warning: In design 'ac97_dma_req', port 'cfg[2]' is not connected to any nets. (LINT-28)
Warning: In design 'ac97_dma_req', port 'cfg[1]' is not connected to any nets. (LINT-28)
Warning: In design 'ac97_wb_if', input port 'wb_addr_i[5]' is connected directly to output port 'adr[3]'. (LINT-29)
Warning: In design 'ac97_wb_if', input port 'wb_addr_i[4]' is connected directly to output port 'adr[2]'. (LINT-29)
Warning: In design 'ac97_wb_if', input port 'wb_addr_i[3]' is connected directly to output port 'adr[1]'. (LINT-29)
Warning: In design 'ac97_wb_if', input port 'wb_addr_i[2]' is connected directly to output port 'adr[0]'. (LINT-29)
Warning: In design 'ac97_cra', input port 'crac_out[31]' is connected directly to output port 'out_slt1[19]'. (LINT-29)
Warning: In design 'ac97_cra', input port 'crac_out[22]' is connected directly to output port 'out_slt1[18]'. (LINT-29)
Warning: In design 'ac97_cra', input port 'crac_out[21]' is connected directly to output port 'out_slt1[17]'. (LINT-29)
Warning: In design 'ac97_cra', input port 'crac_out[20]' is connected directly to output port 'out_slt1[16]'. (LINT-29)
Warning: In design 'ac97_cra', input port 'crac_out[19]' is connected directly to output port 'out_slt1[15]'. (LINT-29)
Warning: In design 'ac97_cra', input port 'crac_out[18]' is connected directly to output port 'out_slt1[14]'. (LINT-29)
Warning: In design 'ac97_cra', input port 'crac_out[17]' is connected directly to output port 'out_slt1[13]'. (LINT-29)
Warning: In design 'ac97_cra', input port 'crac_out[16]' is connected directly to output port 'out_slt1[12]'. (LINT-29)
Warning: In design 'ac97_cra', input port 'crac_out[15]' is connected directly to output port 'out_slt2[19]'. (LINT-29)
Warning: In design 'ac97_cra', input port 'crac_out[14]' is connected directly to output port 'out_slt2[18]'. (LINT-29)
Warning: In design 'ac97_cra', input port 'crac_out[13]' is connected directly to output port 'out_slt2[17]'. (LINT-29)
Warning: In design 'ac97_cra', input port 'crac_out[12]' is connected directly to output port 'out_slt2[16]'. (LINT-29)
Warning: In design 'ac97_cra', input port 'crac_out[11]' is connected directly to output port 'out_slt2[15]'. (LINT-29)
Warning: In design 'ac97_cra', input port 'crac_out[10]' is connected directly to output port 'out_slt2[14]'. (LINT-29)
Warning: In design 'ac97_cra', input port 'crac_out[9]' is connected directly to output port 'out_slt2[13]'. (LINT-29)
Warning: In design 'ac97_cra', input port 'crac_out[8]' is connected directly to output port 'out_slt2[12]'. (LINT-29)
Warning: In design 'ac97_cra', input port 'crac_out[7]' is connected directly to output port 'out_slt2[11]'. (LINT-29)
Warning: In design 'ac97_cra', input port 'crac_out[6]' is connected directly to output port 'out_slt2[10]'. (LINT-29)
Warning: In design 'ac97_cra', input port 'crac_out[5]' is connected directly to output port 'out_slt2[9]'. (LINT-29)
Warning: In design 'ac97_cra', input port 'crac_out[4]' is connected directly to output port 'out_slt2[8]'. (LINT-29)
Warning: In design 'ac97_cra', input port 'crac_out[3]' is connected directly to output port 'out_slt2[7]'. (LINT-29)
Warning: In design 'ac97_cra', input port 'crac_out[2]' is connected directly to output port 'out_slt2[6]'. (LINT-29)
Warning: In design 'ac97_cra', input port 'crac_out[1]' is connected directly to output port 'out_slt2[5]'. (LINT-29)
Warning: In design 'ac97_cra', input port 'crac_out[0]' is connected directly to output port 'out_slt2[4]'. (LINT-29)
Warning: In design 'ac97_rf', output port 'crac_out[30]' is connected directly to output port 'crac_out[23]'. (LINT-31)
Warning: In design 'ac97_rf', output port 'crac_out[30]' is connected directly to output port 'crac_out[24]'. (LINT-31)
Warning: In design 'ac97_rf', output port 'crac_out[30]' is connected directly to output port 'crac_out[25]'. (LINT-31)
Warning: In design 'ac97_rf', output port 'crac_out[30]' is connected directly to output port 'crac_out[26]'. (LINT-31)
Warning: In design 'ac97_rf', output port 'crac_out[30]' is connected directly to output port 'crac_out[27]'. (LINT-31)
Warning: In design 'ac97_rf', output port 'crac_out[30]' is connected directly to output port 'crac_out[28]'. (LINT-31)
Warning: In design 'ac97_rf', output port 'crac_out[30]' is connected directly to output port 'crac_out[29]'. (LINT-31)
Warning: In design 'ac97_prc', output port 'out_slt0[10]' is connected directly to output port 'out_slt0[0]'. (LINT-31)
Warning: In design 'ac97_prc', output port 'out_slt0[10]' is connected directly to output port 'out_slt0[1]'. (LINT-31)
Warning: In design 'ac97_prc', output port 'out_slt0[10]' is connected directly to output port 'out_slt0[2]'. (LINT-31)
Warning: In design 'ac97_prc', output port 'out_slt0[10]' is connected directly to output port 'out_slt0[3]'. (LINT-31)
Warning: In design 'ac97_prc', output port 'out_slt0[10]' is connected directly to output port 'out_slt0[4]'. (LINT-31)
Warning: In design 'ac97_prc', output port 'out_slt0[10]' is connected directly to output port 'out_slt0[5]'. (LINT-31)
Warning: In design 'ac97_cra', output port 'out_slt1[11]' is connected directly to output port 'out_slt2[0]'. (LINT-31)
Warning: In design 'ac97_cra', output port 'out_slt1[11]' is connected directly to output port 'out_slt2[1]'. (LINT-31)
Warning: In design 'ac97_cra', output port 'out_slt1[11]' is connected directly to output port 'out_slt2[2]'. (LINT-31)
Warning: In design 'ac97_cra', output port 'out_slt1[11]' is connected directly to output port 'out_slt2[3]'. (LINT-31)
Warning: In design 'ac97_cra', output port 'out_slt1[11]' is connected directly to output port 'out_slt1[0]'. (LINT-31)
Warning: In design 'ac97_cra', output port 'out_slt1[11]' is connected directly to output port 'out_slt1[1]'. (LINT-31)
Warning: In design 'ac97_cra', output port 'out_slt1[11]' is connected directly to output port 'out_slt1[2]'. (LINT-31)
Warning: In design 'ac97_cra', output port 'out_slt1[11]' is connected directly to output port 'out_slt1[3]'. (LINT-31)
Warning: In design 'ac97_cra', output port 'out_slt1[11]' is connected directly to output port 'out_slt1[4]'. (LINT-31)
Warning: In design 'ac97_cra', output port 'out_slt1[11]' is connected directly to output port 'out_slt1[5]'. (LINT-31)
Warning: In design 'ac97_cra', output port 'out_slt1[11]' is connected directly to output port 'out_slt1[6]'. (LINT-31)
Warning: In design 'ac97_cra', output port 'out_slt1[11]' is connected directly to output port 'out_slt1[7]'. (LINT-31)
Warning: In design 'ac97_cra', output port 'out_slt1[11]' is connected directly to output port 'out_slt1[8]'. (LINT-31)
Warning: In design 'ac97_cra', output port 'out_slt1[11]' is connected directly to output port 'out_slt1[9]'. (LINT-31)
Warning: In design 'ac97_cra', output port 'out_slt1[11]' is connected directly to output port 'out_slt1[10]'. (LINT-31)
Warning: In design 'ac97_top', the same net is connected to more than one pin on submodule 'u17'. (LINT-33)
   Net 'o3_empty' is connected to pins 'full_empty', 'empty''.
Warning: In design 'ac97_top', the same net is connected to more than one pin on submodule 'u18'. (LINT-33)
   Net 'o4_empty' is connected to pins 'full_empty', 'empty''.
Warning: In design 'ac97_top', the same net is connected to more than one pin on submodule 'u19'. (LINT-33)
   Net 'o6_empty' is connected to pins 'full_empty', 'empty''.
Warning: In design 'ac97_top', the same net is connected to more than one pin on submodule 'u20'. (LINT-33)
   Net 'o7_empty' is connected to pins 'full_empty', 'empty''.
Warning: In design 'ac97_top', the same net is connected to more than one pin on submodule 'u21'. (LINT-33)
   Net 'o8_empty' is connected to pins 'full_empty', 'empty''.
Warning: In design 'ac97_top', the same net is connected to more than one pin on submodule 'u22'. (LINT-33)
   Net 'o9_empty' is connected to pins 'full_empty', 'empty''.
Warning: In design 'ac97_top', the same net is connected to more than one pin on submodule 'u23'. (LINT-33)
   Net 'i3_full' is connected to pins 'full_empty', 'full''.
Warning: In design 'ac97_top', the same net is connected to more than one pin on submodule 'u24'. (LINT-33)
   Net 'i4_full' is connected to pins 'full_empty', 'full''.
Warning: In design 'ac97_top', the same net is connected to more than one pin on submodule 'u25'. (LINT-33)
   Net 'i6_full' is connected to pins 'full_empty', 'full''.
Warning: In design 'ac97_wb_if', output port 'wb_err_o' is connected directly to 'logic 0'. (LINT-52)
Warning: In design 'ac97_rf', output port 'crac_out[30]' is connected directly to 'logic 0'. (LINT-52)
Warning: In design 'ac97_rf', output port 'crac_out[29]' is connected directly to 'logic 0'. (LINT-52)
Warning: In design 'ac97_rf', output port 'crac_out[28]' is connected directly to 'logic 0'. (LINT-52)
Warning: In design 'ac97_rf', output port 'crac_out[27]' is connected directly to 'logic 0'. (LINT-52)
Warning: In design 'ac97_rf', output port 'crac_out[26]' is connected directly to 'logic 0'. (LINT-52)
Warning: In design 'ac97_rf', output port 'crac_out[25]' is connected directly to 'logic 0'. (LINT-52)
Warning: In design 'ac97_rf', output port 'crac_out[24]' is connected directly to 'logic 0'. (LINT-52)
Warning: In design 'ac97_rf', output port 'crac_out[23]' is connected directly to 'logic 0'. (LINT-52)
Warning: In design 'ac97_prc', output port 'out_slt0[10]' is connected directly to 'logic 0'. (LINT-52)
Warning: In design 'ac97_prc', output port 'out_slt0[5]' is connected directly to 'logic 0'. (LINT-52)
Warning: In design 'ac97_prc', output port 'out_slt0[4]' is connected directly to 'logic 0'. (LINT-52)
Warning: In design 'ac97_prc', output port 'out_slt0[3]' is connected directly to 'logic 0'. (LINT-52)
Warning: In design 'ac97_prc', output port 'out_slt0[2]' is connected directly to 'logic 0'. (LINT-52)
Warning: In design 'ac97_prc', output port 'out_slt0[1]' is connected directly to 'logic 0'. (LINT-52)
Warning: In design 'ac97_prc', output port 'out_slt0[0]' is connected directly to 'logic 0'. (LINT-52)
Warning: In design 'ac97_cra', output port 'out_slt1[11]' is connected directly to 'logic 0'. (LINT-52)
Warning: In design 'ac97_cra', output port 'out_slt1[10]' is connected directly to 'logic 0'. (LINT-52)
Warning: In design 'ac97_cra', output port 'out_slt1[9]' is connected directly to 'logic 0'. (LINT-52)
Warning: In design 'ac97_cra', output port 'out_slt1[8]' is connected directly to 'logic 0'. (LINT-52)
Warning: In design 'ac97_cra', output port 'out_slt1[7]' is connected directly to 'logic 0'. (LINT-52)
Warning: In design 'ac97_cra', output port 'out_slt1[6]' is connected directly to 'logic 0'. (LINT-52)
Warning: In design 'ac97_cra', output port 'out_slt1[5]' is connected directly to 'logic 0'. (LINT-52)
Warning: In design 'ac97_cra', output port 'out_slt1[4]' is connected directly to 'logic 0'. (LINT-52)
Warning: In design 'ac97_cra', output port 'out_slt1[3]' is connected directly to 'logic 0'. (LINT-52)
Warning: In design 'ac97_cra', output port 'out_slt1[2]' is connected directly to 'logic 0'. (LINT-52)
Warning: In design 'ac97_cra', output port 'out_slt1[1]' is connected directly to 'logic 0'. (LINT-52)
Warning: In design 'ac97_cra', output port 'out_slt1[0]' is connected directly to 'logic 0'. (LINT-52)
Warning: In design 'ac97_cra', output port 'out_slt2[3]' is connected directly to 'logic 0'. (LINT-52)
Warning: In design 'ac97_cra', output port 'out_slt2[2]' is connected directly to 'logic 0'. (LINT-52)
Warning: In design 'ac97_cra', output port 'out_slt2[1]' is connected directly to 'logic 0'. (LINT-52)
Warning: In design 'ac97_cra', output port 'out_slt2[0]' is connected directly to 'logic 0'. (LINT-52)
1
