Information: Propagating switching activity (low effort zero delay simulation). (PWR-6)
Warning: Design has unannotated primary inputs. (PWR-414)
Warning: Design has unannotated sequential cell outputs. (PWR-415)
 
****************************************
Report : power
        -analysis_effort low
Design : ac97_top
Version: W-2024.09-SP4-1
Date   : Tue Apr 29 11:15:07 2025
****************************************


Library(s) Used:

    saed32rvt_ss0p95v25c (File: /mnt/class_data/ecec574-w2019/PDKs/_archived/SAED32nm_new/SAED32_EDK/lib/stdcell_rvt/db_ccs/saed32rvt_ss0p95v25c.db)


Operating Conditions: ss0p95v25c   Library: saed32rvt_ss0p95v25c
Wire Load Model Mode: enclosed

Design        Wire Load Model            Library
------------------------------------------------
ac97_top               35000             saed32rvt_ss0p95v25c
ac97_sout              8000              saed32rvt_ss0p95v25c
ac97_sin               8000              saed32rvt_ss0p95v25c
ac97_soc               8000              saed32rvt_ss0p95v25c
ac97_out_fifo_5        8000              saed32rvt_ss0p95v25c
ac97_in_fifo_2         8000              saed32rvt_ss0p95v25c
ac97_wb_if             8000              saed32rvt_ss0p95v25c
ac97_rf                8000              saed32rvt_ss0p95v25c
ac97_prc               8000              saed32rvt_ss0p95v25c
ac97_cra               8000              saed32rvt_ss0p95v25c
ac97_dma_if            8000              saed32rvt_ss0p95v25c
ac97_int_8             ForQA             saed32rvt_ss0p95v25c
ac97_rst               ForQA             saed32rvt_ss0p95v25c
ac97_fifo_ctrl_8       ForQA             saed32rvt_ss0p95v25c
ac97_dma_req_8         ForQA             saed32rvt_ss0p95v25c
ac97_out_fifo_0        8000              saed32rvt_ss0p95v25c
ac97_out_fifo_1        8000              saed32rvt_ss0p95v25c
ac97_out_fifo_2        8000              saed32rvt_ss0p95v25c
ac97_out_fifo_3        8000              saed32rvt_ss0p95v25c
ac97_out_fifo_4        8000              saed32rvt_ss0p95v25c
ac97_in_fifo_0         8000              saed32rvt_ss0p95v25c
ac97_in_fifo_1         8000              saed32rvt_ss0p95v25c
ac97_int_0             ForQA             saed32rvt_ss0p95v25c
ac97_int_1             ForQA             saed32rvt_ss0p95v25c
ac97_int_2             ForQA             saed32rvt_ss0p95v25c
ac97_int_3             ForQA             saed32rvt_ss0p95v25c
ac97_int_4             ForQA             saed32rvt_ss0p95v25c
ac97_int_5             ForQA             saed32rvt_ss0p95v25c
ac97_int_6             ForQA             saed32rvt_ss0p95v25c
ac97_int_7             ForQA             saed32rvt_ss0p95v25c
ac97_fifo_ctrl_0       ForQA             saed32rvt_ss0p95v25c
ac97_fifo_ctrl_1       ForQA             saed32rvt_ss0p95v25c
ac97_fifo_ctrl_2       ForQA             saed32rvt_ss0p95v25c
ac97_fifo_ctrl_3       ForQA             saed32rvt_ss0p95v25c
ac97_fifo_ctrl_4       ForQA             saed32rvt_ss0p95v25c
ac97_fifo_ctrl_5       ForQA             saed32rvt_ss0p95v25c
ac97_fifo_ctrl_6       ForQA             saed32rvt_ss0p95v25c
ac97_fifo_ctrl_7       ForQA             saed32rvt_ss0p95v25c
ac97_dma_req_0         ForQA             saed32rvt_ss0p95v25c
ac97_dma_req_1         ForQA             saed32rvt_ss0p95v25c
ac97_dma_req_2         ForQA             saed32rvt_ss0p95v25c
ac97_dma_req_3         ForQA             saed32rvt_ss0p95v25c
ac97_dma_req_4         ForQA             saed32rvt_ss0p95v25c
ac97_dma_req_5         ForQA             saed32rvt_ss0p95v25c
ac97_dma_req_6         ForQA             saed32rvt_ss0p95v25c
ac97_dma_req_7         ForQA             saed32rvt_ss0p95v25c
ac97_soc_DW01_inc_1_DW01_inc_8
                       ForQA             saed32rvt_ss0p95v25c


Global Operating Voltage = 0.95 
Power-specific unit information :
    Voltage Units = 1V
    Capacitance Units = 1.000000ff
    Time Units = 1ns
    Dynamic Power Units = 1uW    (derived from V,C,T units)
    Leakage Power Units = 1pW


Attributes
----------
i - Including register clock pin internal power


  Cell Internal Power  = 915.4686 uW   (99%)
  Net Switching Power  =   5.6245 uW    (1%)
                         ---------
Total Dynamic Power    = 921.0930 uW  (100%)

Cell Leakage Power     = 595.6561 uW


                 Internal         Switching           Leakage            Total
Power Group      Power            Power               Power              Power   (   %    )  Attrs
--------------------------------------------------------------------------------------------------
io_pad             0.0000            0.0000            0.0000            0.0000  (   0.00%)
memory             0.0000            0.0000            0.0000            0.0000  (   0.00%)
black_box          0.0000            0.0000            0.0000            0.0000  (   0.00%)
clock_network  1.0163e+03            0.0000            0.0000        1.0163e+03  (  67.01%)  i
register       -1.1303e+02            0.6740        2.6930e+08          156.9509 (  10.35%)
sequential         9.9464            0.1189        4.9802e+07           59.8671  (   3.95%)
combinational      2.2449            4.8315        2.7655e+08          283.6259  (  18.70%)
--------------------------------------------------------------------------------------------------
Total            915.4716 uW         5.6244 uW     5.9566e+08 pW     1.5168e+03 uW
1
