 
****************************************
Report : cell
Design : usbf_top
Version: M-2016.12-SP1
Date   : Tue Apr 15 10:33:25 2025
****************************************

Attributes:
    b - black box (unknown)
    h - hierarchical
    n - noncombinational
    p - parameterized
    r - removable
    u - contains unmapped logic

Cell                      Reference       Library             Area  Attributes
--------------------------------------------------------------------------------
LineState_r_reg[0]        DFFX1_RVT       saed32rvt_ss0p95v25c
                                                          6.607744  n
LineState_r_reg[1]        DFFX1_RVT       saed32rvt_ss0p95v25c
                                                          6.607744  n
U7                        NOR2X0_RVT      saed32rvt_ss0p95v25c
                                                          2.541440  
U9                        NBUFFX2_RVT     saed32rvt_ss0p95v25c
                                                          2.033152  
VStatus_r_reg[0]          DFFX1_RVT       saed32rvt_ss0p95v25c
                                                          6.607744  n
VStatus_r_reg[1]          DFFX1_RVT       saed32rvt_ss0p95v25c
                                                          6.607744  n
VStatus_r_reg[2]          DFFX1_RVT       saed32rvt_ss0p95v25c
                                                          6.607744  n
VStatus_r_reg[3]          DFFX1_RVT       saed32rvt_ss0p95v25c
                                                          6.607744  n
VStatus_r_reg[4]          DFFX1_RVT       saed32rvt_ss0p95v25c
                                                          6.607744  n
VStatus_r_reg[5]          DFFX1_RVT       saed32rvt_ss0p95v25c
                                                          6.607744  n
VStatus_r_reg[6]          DFFX1_RVT       saed32rvt_ss0p95v25c
                                                          6.607744  n
VStatus_r_reg[7]          DFFX1_RVT       saed32rvt_ss0p95v25c
                                                          6.607744  n
resume_req_r_reg          SDFFSSRX1_RVT   saed32rvt_ss0p95v25c
                                                          8.895040  n
susp_o_reg                DFFX1_RVT       saed32rvt_ss0p95v25c
                                                          6.607744  n
suspend_clr_wr_reg        DFFX1_RVT       saed32rvt_ss0p95v25c
                                                          6.607744  n
u0                        usbf_utmi_if                    1352.046105
                                                                    h, n
u1                        usbf_pl_SSRAM_HADR14            7292.153866
                                                                    h, n, p
u2                        usbf_mem_arb_SSRAM_HADR14       152.994689
                                                                    h, n, p
u4                        usbf_rf                         15442.043841
                                                                    h, n
u5                        usbf_wb                         427.216061
                                                                    h, n
--------------------------------------------------------------------------------
Total 20 cells                                            24759.217125
1
