 
****************************************
Report : constraint
        -all_violators
Design : simple_spi_top
Version: W-2024.09-SP2
Date   : Tue May  6 09:32:35 2025
****************************************

	Parasitic source    : LPE
	Parasitic mode      : RealRC
	Extraction mode     : MAX
	Extraction derating : 125/125/125

   min_delay/hold ('clk' group)

                             Required        Actual
   Endpoint                 Path Delay     Path Delay        Slack
   -----------------------------------------------------------------
   wfifo/mem_reg[3][4]/D        0.19           0.07 f        -0.12  (VIOLATED)
   wfifo/mem_reg[3][6]/D        0.19           0.07 f        -0.11  (VIOLATED)
   wfifo/mem_reg[3][2]/D        0.18           0.07 f        -0.11  (VIOLATED)
   spcr_reg[1]/D                0.18           0.07 f        -0.11  (VIOLATED)
   wfifo/mem_reg[2][5]/D        0.19           0.07 f        -0.11  (VIOLATED)
   wfifo/mem_reg[2][2]/D        0.19           0.07 f        -0.11  (VIOLATED)
   wfifo/mem_reg[2][4]/D        0.19           0.07 f        -0.11  (VIOLATED)
   wfifo/mem_reg[3][1]/D        0.18           0.07 f        -0.11  (VIOLATED)
   spcr_reg[0]/D                0.18           0.07 f        -0.11  (VIOLATED)
   wfifo/mem_reg[3][5]/D        0.18           0.07 f        -0.11  (VIOLATED)
   spcr_reg[7]/D                0.18           0.07 f        -0.11  (VIOLATED)
   wfifo/mem_reg[3][8]/D        0.18           0.07 f        -0.11  (VIOLATED)
   wfifo/mem_reg[2][3]/D        0.19           0.07 f        -0.11  (VIOLATED)
   wfifo/mem_reg[1][5]/D        0.19           0.07 f        -0.11  (VIOLATED)
   wfifo/mem_reg[0][3]/D        0.19           0.07 f        -0.11  (VIOLATED)
   wfifo/mem_reg[1][7]/D        0.19           0.07 f        -0.11  (VIOLATED)
   wfifo/mem_reg[3][3]/D        0.18           0.07 f        -0.11  (VIOLATED)
   wfifo/mem_reg[2][7]/D        0.19           0.07 f        -0.11  (VIOLATED)
   wfifo/mem_reg[3][7]/D        0.18           0.07 f        -0.11  (VIOLATED)
   wfifo/mem_reg[0][4]/D        0.18           0.07 f        -0.11  (VIOLATED)
   wfifo/mem_reg[0][8]/D        0.18           0.07 f        -0.11  (VIOLATED)
   rfifo/gb_reg/D               0.18           0.07 f        -0.11  (VIOLATED)
   wfifo/mem_reg[1][2]/D        0.18           0.07 f        -0.11  (VIOLATED)
   wfifo/mem_reg[2][1]/D        0.18           0.07 f        -0.11  (VIOLATED)
   wfifo/mem_reg[1][4]/D        0.18           0.07 f        -0.11  (VIOLATED)
   wfifo/mem_reg[0][7]/D        0.18           0.08 f        -0.11  (VIOLATED)
   wfifo/mem_reg[0][1]/D        0.18           0.08 f        -0.11  (VIOLATED)
   sper_reg[3]/D                0.18           0.07 f        -0.11  (VIOLATED)
   wfifo/mem_reg[2][8]/D        0.18           0.08 f        -0.11  (VIOLATED)
   wfifo/mem_reg[0][6]/D        0.18           0.08 f        -0.11  (VIOLATED)
   sper_reg[4]/D                0.18           0.07 f        -0.11  (VIOLATED)
   spcr_reg[6]/D                0.18           0.07 f        -0.11  (VIOLATED)
   wfifo/mem_reg[0][2]/D        0.18           0.08 f        -0.11  (VIOLATED)
   wfifo/mem_reg[1][1]/D        0.18           0.08 f        -0.11  (VIOLATED)
   wfifo/mem_reg[1][6]/D        0.18           0.08 f        -0.11  (VIOLATED)
   spcr_reg[2]/D                0.18           0.07 f        -0.11  (VIOLATED)
   wfifo/mem_reg[1][8]/D        0.18           0.08 f        -0.11  (VIOLATED)
   sper_reg[5]/D                0.18           0.07 f        -0.11  (VIOLATED)
   sper_reg[1]/D                0.18           0.07 f        -0.11  (VIOLATED)
   wfifo/mem_reg[2][6]/D        0.18           0.08 f        -0.11  (VIOLATED)
   spcr_reg[3]/D                0.18           0.07 f        -0.11  (VIOLATED)
   wfifo/mem_reg[0][5]/D        0.18           0.08 f        -0.11  (VIOLATED)
   wfifo/mem_reg[1][3]/D        0.18           0.08 f        -0.11  (VIOLATED)
   spcr_reg[5]/D                0.18           0.08 f        -0.11  (VIOLATED)
   sper_reg[2]/D                0.18           0.08 f        -0.11  (VIOLATED)
   sper_reg[6]/D                0.18           0.08 f        -0.11  (VIOLATED)
   sper_reg[7]/D                0.18           0.08 f        -0.11  (VIOLATED)
   sper_reg[0]/D                0.18           0.08 f        -0.10  (VIOLATED)
   treg_reg[0]/D                0.18           0.09 f        -0.10  (VIOLATED)
   wfifo/gb_reg/D               0.17           0.08 f        -0.10  (VIOLATED)
   ack_o_reg/D                  0.18           0.11 f        -0.07  (VIOLATED)
   wcol_reg/D                   0.17           0.10 r        -0.07  (VIOLATED)
   spif_reg/D                   0.18           0.13 f        -0.05  (VIOLATED)
   dat_o[0]                     0.19           0.15 r        -0.04  (VIOLATED)
   dat_o[2]                     0.19           0.15 r        -0.04  (VIOLATED)
   dat_o[6]                     0.19           0.15 r        -0.04  (VIOLATED)
   dat_o[1]                     0.19           0.15 r        -0.04  (VIOLATED)
   dat_o[3]                     0.19           0.15 r        -0.04  (VIOLATED)
   dat_o[5]                     0.19           0.15 r        -0.04  (VIOLATED)
   dat_o[4]                     0.19           0.15 r        -0.04  (VIOLATED)
   dat_o[7]                     0.19           0.15 r        -0.04  (VIOLATED)
   sck_o                        0.19           0.16 r        -0.03  (VIOLATED)
   inta_o                       0.19           0.17 r        -0.02  (VIOLATED)
   ack_o                        0.19           0.19 f         0.00  (VIOLATED: increase significant digits)


   max_area

                             Required        Actual
   Design                      Area           Area           Slack
   -----------------------------------------------------------------
   simple_spi_top               0.00        1943.28       -1943.28  (VIOLATED)


1
